Component: ARM Compiler 5.06 update 6 (build 750) Tool: armlink [4d35ed]

==============================================================================

Section Cross References

    main.o(i.main) refers to stm32f4xx_hal.o(i.HAL_Init) for HAL_Init
    main.o(i.main) refers to sys.o(i.Stm32_Clock_Init) for Stm32_Clock_Init
    main.o(i.main) refers to delay.o(i.delay_init) for delay_init
    main.o(i.main) refers to usart.o(i.uart_init) for uart_init
    main.o(i.main) refers to gpio.o(i.LED_Init) for LED_Init
    main.o(i.main) refers to u8g2_user.o(i.LCD12864_Init) for LCD12864_Init
    main.o(i.main) refers to input_key.o(i.Input_Encoder_Init) for Input_Encoder_Init
    main.o(i.main) refers to gpio.o(i.EndStop_Init) for EndStop_Init
    main.o(i.main) refers to gpio.o(i.Motor_Intt) for Motor_Intt
    main.o(i.main) refers to w25qxx.o(i.W25QXX_Init) for W25QXX_Init
    main.o(i.main) refers to steep.o(i.Read_Motor_Speed) for Read_Motor_Speed
    main.o(i.main) refers to delay.o(i.delay_ms) for delay_ms
    main.o(i.main) refers to u8g2_user.o(i.LCD12864_UpDate) for LCD12864_UpDate
    main.o(i.main) refers to input_key.o(.data) for menu_update_flage
    stm32f4xx_it.o(i.SysTick_Handler) refers to stm32f4xx_hal.o(i.HAL_IncTick) for HAL_IncTick
    system_stm32f4xx.o(i.SystemCoreClockUpdate) refers to system_stm32f4xx.o(.data) for .data
    system_stm32f4xx.o(i.SystemCoreClockUpdate) refers to system_stm32f4xx.o(.constdata) for .constdata
    startup_stm32f407xx.o(STACK) refers (Special) to heapauxi.o(.text) for __use_two_region_memory
    startup_stm32f407xx.o(HEAP) refers (Special) to heapauxi.o(.text) for __use_two_region_memory
    startup_stm32f407xx.o(RESET) refers (Special) to heapauxi.o(.text) for __use_two_region_memory
    startup_stm32f407xx.o(RESET) refers to startup_stm32f407xx.o(STACK) for __initial_sp
    startup_stm32f407xx.o(RESET) refers to startup_stm32f407xx.o(.text) for Reset_Handler
    startup_stm32f407xx.o(RESET) refers to stm32f4xx_it.o(i.NMI_Handler) for NMI_Handler
    startup_stm32f407xx.o(RESET) refers to stm32f4xx_it.o(i.HardFault_Handler) for HardFault_Handler
    startup_stm32f407xx.o(RESET) refers to stm32f4xx_it.o(i.MemManage_Handler) for MemManage_Handler
    startup_stm32f407xx.o(RESET) refers to stm32f4xx_it.o(i.BusFault_Handler) for BusFault_Handler
    startup_stm32f407xx.o(RESET) refers to stm32f4xx_it.o(i.UsageFault_Handler) for UsageFault_Handler
    startup_stm32f407xx.o(RESET) refers to stm32f4xx_it.o(i.SVC_Handler) for SVC_Handler
    startup_stm32f407xx.o(RESET) refers to stm32f4xx_it.o(i.DebugMon_Handler) for DebugMon_Handler
    startup_stm32f407xx.o(RESET) refers to stm32f4xx_it.o(i.PendSV_Handler) for PendSV_Handler
    startup_stm32f407xx.o(RESET) refers to stm32f4xx_it.o(i.SysTick_Handler) for SysTick_Handler
    startup_stm32f407xx.o(RESET) refers to steep.o(i.TIM1_BRK_TIM9_IRQHandler) for TIM1_BRK_TIM9_IRQHandler
    startup_stm32f407xx.o(RESET) refers to steep.o(i.TIM1_UP_TIM10_IRQHandler) for TIM1_UP_TIM10_IRQHandler
    startup_stm32f407xx.o(RESET) refers to steep.o(i.TIM1_TRG_COM_TIM11_IRQHandler) for TIM1_TRG_COM_TIM11_IRQHandler
    startup_stm32f407xx.o(RESET) refers to usart.o(i.USART1_IRQHandler) for USART1_IRQHandler
    startup_stm32f407xx.o(RESET) refers to input_key.o(i.EXTI15_10_IRQHandler) for EXTI15_10_IRQHandler
    startup_stm32f407xx.o(RESET) refers to input_key.o(i.TIM7_IRQHandler) for TIM7_IRQHandler
    startup_stm32f407xx.o(.text) refers (Special) to heapauxi.o(.text) for __use_two_region_memory
    startup_stm32f407xx.o(.text) refers to system_stm32f4xx.o(i.SystemInit) for SystemInit
    startup_stm32f407xx.o(.text) refers to __main.o(!!!main) for __main
    startup_stm32f407xx.o(.text) refers to startup_stm32f407xx.o(HEAP) for Heap_Mem
    startup_stm32f407xx.o(.text) refers to startup_stm32f407xx.o(STACK) for Stack_Mem
    stm32f4xx_hal.o(i.HAL_DeInit) refers to stm32f4xx_hal_msp.o(i.HAL_MspDeInit) for HAL_MspDeInit
    stm32f4xx_hal.o(i.HAL_Delay) refers to stm32f4xx_hal.o(i.HAL_GetTick) for HAL_GetTick
    stm32f4xx_hal.o(i.HAL_Delay) refers to stm32f4xx_hal.o(.data) for .data
    stm32f4xx_hal.o(i.HAL_GetTick) refers to stm32f4xx_hal.o(.data) for .data
    stm32f4xx_hal.o(i.HAL_GetTickFreq) refers to stm32f4xx_hal.o(.data) for .data
    stm32f4xx_hal.o(i.HAL_GetTickPrio) refers to stm32f4xx_hal.o(.data) for .data
    stm32f4xx_hal.o(i.HAL_IncTick) refers to stm32f4xx_hal.o(.data) for .data
    stm32f4xx_hal.o(i.HAL_Init) refers to stm32f4xx_hal_cortex.o(i.HAL_NVIC_SetPriorityGrouping) for HAL_NVIC_SetPriorityGrouping
    stm32f4xx_hal.o(i.HAL_Init) refers to stm32f4xx_hal.o(i.HAL_InitTick) for HAL_InitTick
    stm32f4xx_hal.o(i.HAL_Init) refers to stm32f4xx_hal_msp.o(i.HAL_MspInit) for HAL_MspInit
    stm32f4xx_hal.o(i.HAL_InitTick) refers to stm32f4xx_hal_cortex.o(i.HAL_SYSTICK_Config) for HAL_SYSTICK_Config
[...]
    __rt_lib_init_exceptions_1               0x08000229   Thumb Code     0  libinit2.o(.ARM.Collect$$libinit$$00000030)
    __rt_lib_init_fp_trap_1                  0x08000229   Thumb Code     0  libinit2.o(.ARM.Collect$$libinit$$0000001F)
    __rt_lib_init_getenv_1                   0x08000229   Thumb Code     0  libinit2.o(.ARM.Collect$$libinit$$00000023)
    __rt_lib_init_lc_numeric_1               0x08000229   Thumb Code     0  libinit2.o(.ARM.Collect$$libinit$$00000017)
    __rt_lib_init_lc_time_1                  0x08000229   Thumb Code     0  libinit2.o(.ARM.Collect$$libinit$$00000019)
    __rt_lib_init_return                     0x08000229   Thumb Code     0  libinit2.o(.ARM.Collect$$libinit$$00000033)
    __rt_lib_init_signal_1                   0x08000229   Thumb Code     0  libinit2.o(.ARM.Collect$$libinit$$0000001D)
    __rt_lib_init_stdio_1                    0x08000229   Thumb Code     0  libinit2.o(.ARM.Collect$$libinit$$00000025)
    __rt_lib_shutdown                        0x0800022b   Thumb Code     0  libshutdown.o(.ARM.Collect$$libshutdown$$00000000)
    __rt_lib_shutdown_cpp_1                  0x0800022d   Thumb Code     0  libshutdown2.o(.ARM.Collect$$libshutdown$$00000002)
    __rt_lib_shutdown_fp_trap_1              0x0800022d   Thumb Code     0  libshutdown2.o(.ARM.Collect$$libshutdown$$00000007)
    __rt_lib_shutdown_heap_1                 0x0800022d   Thumb Code     0  libshutdown2.o(.ARM.Collect$$libshutdown$$0000000F)
    __rt_lib_shutdown_return                 0x0800022d   Thumb Code     0  libshutdown2.o(.ARM.Collect$$libshutdown$$00000010)
    __rt_lib_shutdown_signal_1               0x0800022d   Thumb Code     0  libshutdown2.o(.ARM.Collect$$libshutdown$$0000000A)
    __rt_lib_shutdown_stdio_1                0x0800022d   Thumb Code     0  libshutdown2.o(.ARM.Collect$$libshutdown$$00000004)
    __rt_lib_shutdown_user_alloc_1           0x0800022d   Thumb Code     0  libshutdown2.o(.ARM.Collect$$libshutdown$$0000000C)
    __rt_entry                               0x0800022f   Thumb Code     0  __rtentry.o(.ARM.Collect$$rtentry$$00000000)
    __rt_entry_presh_1                       0x0800022f   Thumb Code     0  __rtentry2.o(.ARM.Collect$$rtentry$$00000002)
    __rt_entry_sh                            0x0800022f   Thumb Code     0  __rtentry4.o(.ARM.Collect$$rtentry$$00000004)
    __rt_entry_li                            0x08000235   Thumb Code     0  __rtentry2.o(.ARM.Collect$$rtentry$$0000000A)
    __rt_entry_postsh_1                      0x08000235   Thumb Code     0  __rtentry2.o(.ARM.Collect$$rtentry$$00000009)
    __rt_entry_main                          0x08000239   Thumb Code     0  __rtentry2.o(.ARM.Collect$$rtentry$$0000000D)
    __rt_entry_postli_1                      0x08000239   Thumb Code     0  __rtentry2.o(.ARM.Collect$$rtentry$$0000000C)
    __rt_exit                                0x08000241   Thumb Code     0  rtexit.o(.ARM.Collect$$rtexit$$00000000)
    __rt_exit_ls                             0x08000243   Thumb Code     0  rtexit2.o(.ARM.Collect$$rtexit$$00000003)
    __rt_exit_prels_1                        0x08000243   Thumb Code     0  rtexit2.o(.ARM.Collect$$rtexit$$00000002)
    __rt_exit_exit                           0x08000247   Thumb Code     0  rtexit2.o(.ARM.Collect$$rtexit$$00000004)
    Reset_Handler                            0x0800024d   Thumb Code     8  startup_stm32f407xx.o(.text)
    ADC_IRQHandler                           0x08000267   Thumb Code     0  startup_stm32f407xx.o(.text)
    CAN1_RX0_IRQHandler                      0x08000267   Thumb Code     0  startup_stm32f407xx.o(.text)
    CAN1_RX1_IRQHandler                      0x08000267   Thumb Code     0  startup_stm32f407xx.o(.text)
    CAN1_SCE_IRQHandler                      0x08000267   Thumb Code     0  startup_stm32f407xx.o(.text)
    CAN1_TX_IRQHandler                       0x08000267   Thumb Code     0  startup_stm32f407xx.o(.text)
    CAN2_RX0_IRQHandler                      0x08000267   Thumb Code     0  startup_stm32f407xx.o(.text)
    CAN2_RX1_IRQHandler                      0x08000267   Thumb Code     0  startup_stm32f407xx.o(.text)
    CAN2_SCE_IRQHandler                      0x08000267   Thumb Code     0  startup_stm32f407xx.o(.text)
    CAN2_TX_IRQHandler                       0x08000267   Thumb Code     0  startup_stm32f407xx.o(.text)
    DCMI_IRQHandler                          0x08000267   Thumb Code     0  startup_stm32f407xx.o(.text)
    DMA1_Stream0_IRQHandler                  0x08000267   Thumb Code     0  startup_stm32f407xx.o(.text)
    DMA1_Stream1_IRQHandler                  0x08000267   Thumb Code     0  startup_stm32f407xx.o(.text)
    DMA1_Stream2_IRQHandler                  0x08000267   Thumb Code     0  startup_stm32f407xx.o(.text)
    DMA1_Stream3_IRQHandler                  0x08000267   Thumb Code     0  startup_stm32f407xx.o(.text)
    DMA1_Stream4_IRQHandler                  0x08000267   Thumb Code     0  startup_stm32f407xx.o(.text)
    DMA1_Stream5_IRQHandler                  0x08000267   Thumb Code     0  startup_stm32f407xx.o(.text)
    DMA1_Stream6_IRQHandler                  0x08000267   Thumb Code     0  startup_stm32f407xx.o(.text)
    DMA1_Stream7_IRQHandler                  0x08000267   Thumb Code     0  startup_stm32f407xx.o(.text)
    DMA2_Stream0_IRQHandler                  0x08000267   Thumb Code     0  startup_stm32f407xx.o(.text)
    DMA2_Stream1_IRQHandler                  0x08000267   Thumb Code     0  startup_stm32f407xx.o(.text)
    DMA2_Stream2_IRQHandler                  0x08000267   Thumb Code     0  startup_stm32f407xx.o(.text)
    DMA2_Stream3_IRQHandler                  0x08000267   Thumb Code     0  startup_stm32f407xx.o(.text)
    DMA2_Stream4_IRQHandler                  0x08000267   Thumb Code     0  startup_stm32f407xx.o(.text)
    DMA2_Stream5_IRQHandler                  0x08000267   Thumb Code     0  startup_stm32f407xx.o(.text)
    DMA2_Stream6_IRQHandler                  0x08000267   Thumb Code     0  startup_stm32f407xx.o(.text)
    DMA2_Stream7_IRQHandler                  0x08000267   Thumb Code     0  startup_stm32f407xx.o(.text)
    ETH_IRQHandler                           0x08000267   Thumb Code     0  startup_stm32f407xx.o(.text)
    ETH_WKUP_IRQHandler                      0x08000267   Thumb Code     0  startup_stm32f407xx.o(.text)
    EXTI0_IRQHandler                         0x08000267   Thumb Code     0  startup_stm32f407xx.o(.text)
    EXTI1_IRQHandler                         0x08000267   Thumb Code     0  startup_stm32f407xx.o(.text)
    EXTI2_IRQHandler                         0x08000267   Thumb Code     0  startup_stm32f407xx.o(.text)
    EXTI3_IRQHandler                         0x08000267   Thumb Code     0  startup_stm32f407xx.o(.text)
    EXTI4_IRQHandler                         0x08000267   Thumb Code     0  startup_stm32f407xx.o(.text)
    EXTI9_5_IRQHandler                       0x08000267   Thumb Code     0  startup_stm32f407xx.o(.text)
    FLASH_IRQHandler                         0x08000267   Thumb Code     0  startup_stm32f407xx.o(.text)
    FMC_IRQHandler                           0x08000267   Thumb Code     0  startup_stm32f407xx.o(.text)
    FPU_IRQHandler                           0x08000267   Thumb Code     0  startup_stm32f407xx.o(.text)
    HASH_RNG_IRQHandler                      0x08000267   Thumb Code     0  startup_stm32f407xx.o(.text)
    I2C1_ER_IRQHandler                       0x08000267   Thumb Code     0  startup_stm32f407xx.o(.text)
    I2C1_EV_IRQHandler                       0x08000267   Thumb Code     0  startup_stm32f407xx.o(.text)
    I2C2_ER_IRQHandler                       0x08000267   Thumb Code     0  startup_stm32f407xx.o(.text)
    I2C2_EV_IRQHandler                       0x08000267   Thumb Code     0  startup_stm32f407xx.o(.text)
    I2C3_ER_IRQHandler                       0x08000267   Thumb Code     0  startup_stm32f407xx.o(.text)
    I2C3_EV_IRQHandler                       0x08000267   Thumb Code     0  startup_stm32f407xx.o(.text)
    OTG_FS_IRQHandler                        0x08000267   Thumb Code     0  startup_stm32f407xx.o(.text)
    OTG_FS_WKUP_IRQHandler                   0x08000267   Thumb Code     0  startup_stm32f407xx.o(.text)
    OTG_HS_EP1_IN_IRQHandler                 0x08000267   Thumb Code     0  startup_stm32f407xx.o(.text)
    OTG_HS_EP1_OUT_IRQHandler                0x08000267   Thumb Code     0  startup_stm32f407xx.o(.text)
    OTG_HS_IRQHandler                        0x08000267   Thumb Code     0  startup_stm32f407xx.o(.text)
    OTG_HS_WKUP_IRQHandler                   0x08000267   Thumb Code     0  startup_stm32f407xx.o(.text)
    PVD_IRQHandler                           0x08000267   Thumb Code     0  startup_stm32f407xx.o(.text)
    RCC_IRQHandler                           0x08000267   Thumb Code     0  startup_stm32f407xx.o(.text)
    RTC_Alarm_IRQHandler                     0x08000267   Thumb Code     0  startup_stm32f407xx.o(.text)
    RTC_WKUP_IRQHandler                      0x08000267   Thumb Code     0  startup_stm32f407xx.o(.text)
    SDIO_IRQHandler                          0x08000267   Thumb Code     0  startup_stm32f407xx.o(.text)
    SPI1_IRQHandler                          0x08000267   Thumb Code     0  startup_stm32f407xx.o(.text)
    SPI2_IRQHandler                          0x08000267   Thumb Code     0  startup_stm32f407xx.o(.text)
    SPI3_IRQHandler                          0x08000267   Thumb Code     0  startup_stm32f407xx.o(.text)
    TAMP_STAMP_IRQHandler                    0x08000267   Thumb Code     0  startup_stm32f407xx.o(.text)
    TIM1_CC_IRQHandler                       0x08000267   Thumb Code     0  startup_stm32f407xx.o(.text)
    TIM2_IRQHandler                          0x08000267   Thumb Code     0  startup_stm32f407xx.o(.text)
    TIM3_IRQHandler                          0x08000267   Thumb Code     0  startup_stm32f407xx.o(.text)
    TIM4_IRQHandler                          0x08000267   Thumb Code     0  startup_stm32f407xx.o(.text)
    TIM5_IRQHandler                          0x08000267   Thumb Code     0  startup_stm32f407xx.o(.text)
    TIM6_DAC_IRQHandler                      0x08000267   Thumb Code     0  startup_stm32f407xx.o(.text)
    TIM8_BRK_TIM12_IRQHandler                0x08000267   Thumb Code     0  startup_stm32f407xx.o(.text)
    TIM8_CC_IRQHandler                       0x08000267   Thumb Code     0  startup_stm32f407xx.o(.text)
    TIM8_TRG_COM_TIM14_IRQHandler            0x08000267   Thumb Code     0  startup_stm32f407xx.o(.text)
    TIM8_UP_TIM13_IRQHandler                 0x08000267   Thumb Code     0  startup_stm32f407xx.o(.text)
    UART4_IRQHandler                         0x08000267   Thumb Code     0  startup_stm32f407xx.o(.text)
    UART5_IRQHandler                         0x08000267   Thumb Code     0  startup_stm32f407xx.o(.text)
    USART2_IRQHandler                        0x08000267   Thumb Code     0  startup_stm32f407xx.o(.text)
    USART3_IRQHandler                        0x08000267   Thumb Code     0  startup_stm32f407xx.o(.text)
    USART6_IRQHandler                        0x08000267   Thumb Code     0  startup_stm32f407xx.o(.text)
    WWDG_IRQHandler                          0x08000267   Thumb Code     0  startup_stm32f407xx.o(.text)
    __user_initial_stackheap                 0x08000269   Thumb Code     0  startup_stm32f407xx.o(.text)
    __use_no_semihosting                     0x0800028d   Thumb Code     2  use_no_semi_2.o(.text)
    __aeabi_uldivmod                         0x0800028f   Thumb Code     0  lludivv7m.o(.text)
    _ll_udiv                                 0x0800028f   Thumb Code   238  lludivv7m.o(.text)
    __2sprintf                               0x0800037d   Thumb Code    34  noretval__2sprintf.o(.text)
    __printf                                 0x080003a5   Thumb Code   270  __printf_wp.o(.text)
    __aeabi_memclr                           0x080004b3   Thumb Code     0  rt_memclr.o(.text)
    __rt_memclr                              0x080004b3   Thumb Code    68  rt_memclr.o(.text)
    _memset                                  0x080004b7   Thumb Code     0  rt_memclr.o(.text)
    __aeabi_memclr4                          0x080004f7   Thumb Code     0  rt_memclr_w.o(.text)
    __aeabi_memclr8                          0x080004f7   Thumb Code     0  rt_memclr_w.o(.text)
    __rt_memclr_w                            0x080004f7   Thumb Code    78  rt_memclr_w.o(.text)
    _memset_w                                0x080004fb   Thumb Code     0  rt_memclr_w.o(.text)
    strcmp                                   0x08000545   Thumb Code   128  strcmpv7m.o(.text)
    __use_two_region_memory                  0x080005c5   Thumb Code     2  heapauxi.o(.text)
    __rt_heap_escrow$2region                 0x080005c7   Thumb Code     2  heapauxi.o(.text)
    __rt_heap_expand$2region                 0x080005c9   Thumb Code     2  heapauxi.o(.text)
    __I$use$semihosting                      0x080005cb   Thumb Code     0  use_no_semi.o(.text)
    __use_no_semihosting_swi                 0x080005cb   Thumb Code     2  use_no_semi.o(.text)
    __read_errno                             0x080005cd   Thumb Code    10  _rserrno.o(.text)
    __set_errno                              0x080005d7   Thumb Code    12  _rserrno.o(.text)
    __lib_sel_fp_printf                      0x080005e3   Thumb Code     2  _printf_fp_dec.o(.text)
    _printf_fp_dec_real                      0x08000795   Thumb Code   620  _printf_fp_dec.o(.text)
    _printf_char_common                      0x08000a0b   Thumb Code    32  _printf_char_common.o(.text)
    _sputc                                   0x08000a31   Thumb Code    10  _sputc.o(.text)
    __strtod_int                             0x08000a79   Thumb Code    90  strtod.o(.text)
    __rt_locale                              0x08000ae1   Thumb Code     8  rt_locale_intlibspace.o(.text)
    __aeabi_errno_addr                       0x08000ae9   Thumb Code     8  rt_errno_addr_intlibspace.o(.text)
    __errno$intlibspace                      0x08000ae9   Thumb Code     0  rt_errno_addr_intlibspace.o(.text)
    __rt_errno_addr$intlibspace              0x08000ae9   Thumb Code     0  rt_errno_addr_intlibspace.o(.text)
    _ll_udiv10                               0x08000af1   Thumb Code   138  lludiv10.o(.text)
    isspace                                  0x08000b7b   Thumb Code    18  isspace.o(.text)
    _printf_fp_infnan                        0x08000b8d   Thumb Code   112  _printf_fp_infnan.o(.text)
    _sgetc                                   0x08000c0d   Thumb Code    30  _sgetc.o(.text)
    _sbackspace                              0x08000c2b   Thumb Code    34  _sgetc.o(.text)
    _btod_etento                             0x08000c4d   Thumb Code   224  bigflt0.o(.text)
    __user_libspace                          0x08000d31   Thumb Code     8  libspace.o(.text)
    __user_perproc_libspace                  0x08000d31   Thumb Code     0  libspace.o(.text)
    __user_perthread_libspace                0x08000d31   Thumb Code     0  libspace.o(.text)
    __user_setup_stackheap                   0x08000d39   Thumb Code    74  sys_stackheap_outer.o(.text)
    __rt_ctype_table                         0x08000d85   Thumb Code    16  rt_ctype_table.o(.text)
    _scanf_really_real                       0x08000fe1   Thumb Code   684  scanf_fp.o(.text)
    exit                                     0x0800128d   Thumb Code    18  exit.o(.text)
    _scanf_really_hex_real                   0x080012a1   Thumb Code   786  scanf_hexfp.o(.text)
    _scanf_really_infnan                     0x080015c1   Thumb Code   292  scanf_infnan.o(.text)
    __aeabi_llsl                             0x080016f5   Thumb Code     0  llshl.o(.text)
    _ll_shift_l                              0x080016f5   Thumb Code    38  llshl.o(.text)
    _chval                                   0x0800171b   Thumb Code    28  _chval.o(.text)
    _btod_d2e                                0x08001737   Thumb Code    62  btod.o(CL$$btod_d2e)
    _d2e_denorm_low                          0x08001775   Thumb Code    70  btod.o(CL$$btod_d2e_denorm_low)
    _d2e_norm_op1                            0x080017bb   Thumb Code    96  btod.o(CL$$btod_d2e_norm_op1)
    __btod_div_common                        0x0800181b   Thumb Code   696  btod.o(CL$$btod_div_common)
    _e2d                                     0x08001b55   Thumb Code   122  btod.o(CL$$btod_e2d)
    _e2e                                     0x08001bd9   Thumb Code   220  btod.o(CL$$btod_e2e)
    _btod_ediv                               0x08001cb5   Thumb Code    42  btod.o(CL$$btod_ediv)
    _btod_edivd                              0x08001cdf   Thumb Code    42  btod.o(CL$$btod_edivd)
    _btod_emul                               0x08001d09   Thumb Code    42  btod.o(CL$$btod_emul)
    _btod_emuld                              0x08001d33   Thumb Code    42  btod.o(CL$$btod_emuld)
    __btod_mult_common                       0x08001d5d   Thumb Code   580  btod.o(CL$$btod_mult_common)
    BusFault_Handler                         0x08001fa1   Thumb Code     2  stm32f4xx_it.o(i.BusFault_Handler)
    DebugMon_Handler                         0x08001fa3   Thumb Code     2  stm32f4xx_it.o(i.DebugMon_Handler)
    EXTI15_10_IRQHandler                     0x08001fa5   Thumb Code     8  input_key.o(i.EXTI15_10_IRQHandler)
    EndStop_Init                             0x08001fad   Thumb Code    60  gpio.o(i.EndStop_Init)
    HAL_DMA_Abort_IT                         0x08001ff1   Thumb Code    36  stm32f4xx_hal_dma.o(i.HAL_DMA_Abort_IT)
    HAL_GPIO_EXTI_Callback                   0x08002015   Thumb Code   818  input_key.o(i.HAL_GPIO_EXTI_Callback)
    HAL_GPIO_EXTI_IRQHandler                 0x080023a5   Thumb Code    18  stm32f4xx_hal_gpio.o(i.HAL_GPIO_EXTI_IRQHandler)
    HAL_GPIO_Init                            0x080023bd   Thumb Code   402  stm32f4xx_hal_gpio.o(i.HAL_GPIO_Init)
    HAL_GPIO_WritePin                        0x0800257d   Thumb Code    10  stm32f4xx_hal_gpio.o(i.HAL_GPIO_WritePin)
    HAL_GetREVID                             0x08002589   Thumb Code     8  stm32f4xx_hal.o(i.HAL_GetREVID)
    HAL_GetTick                              0x08002595   Thumb Code     6  stm32f4xx_hal.o(i.HAL_GetTick)
    HAL_IncTick                              0x080025a1   Thumb Code    12  stm32f4xx_hal.o(i.HAL_IncTick)
    HAL_Init                                 0x080025b1   Thumb Code    40  stm32f4xx_hal.o(i.HAL_Init)
    HAL_InitTick                             0x080025dd   Thumb Code    54  stm32f4xx_hal.o(i.HAL_InitTick)
    HAL_MspInit                              0x0800261d   Thumb Code     2  stm32f4xx_hal_msp.o(i.HAL_MspInit)
    HAL_NVIC_EnableIRQ                       0x0800261f   Thumb Code    26  stm32f4xx_hal_cortex.o(i.HAL_NVIC_EnableIRQ)
    HAL_NVIC_SetPriority                     0x08002639   Thumb Code    60  stm32f4xx_hal_cortex.o(i.HAL_NVIC_SetPriority)
    HAL_NVIC_SetPriorityGrouping             0x08002679   Thumb Code    26  stm32f4xx_hal_cortex.o(i.HAL_NVIC_SetPriorityGrouping)
    HAL_RCC_ClockConfig                      0x0800269d   Thumb Code   286  stm32f4xx_hal_rcc.o(i.HAL_RCC_ClockConfig)
    HAL_RCC_GetPCLK1Freq                     0x080027cd   Thumb Code    20  stm32f4xx_hal_rcc.o(i.HAL_RCC_GetPCLK1Freq)
    HAL_RCC_GetPCLK2Freq                     0x080027ed   Thumb Code    20  stm32f4xx_hal_rcc.o(i.HAL_RCC_GetPCLK2Freq)
    HAL_RCC_GetSysClockFreq                  0x0800280d   Thumb Code    88  stm32f4xx_hal_rcc.o(i.HAL_RCC_GetSysClockFreq)
    HAL_RCC_OscConfig                        0x0800286d   Thumb Code   766  stm32f4xx_hal_rcc.o(i.HAL_RCC_OscConfig)
    HAL_SPI_Init                             0x08002b81   Thumb Code   140  stm32f4xx_hal_spi.o(i.HAL_SPI_Init)
    HAL_SPI_MspInit                          0x08002c0d   Thumb Code    72  spi.o(i.HAL_SPI_MspInit)
    HAL_SPI_TransmitReceive                  0x08002c5d   Thumb Code   612  stm32f4xx_hal_spi.o(i.HAL_SPI_TransmitReceive)
    HAL_SYSTICK_CLKSourceConfig              0x08002ec1   Thumb Code    24  stm32f4xx_hal_cortex.o(i.HAL_SYSTICK_CLKSourceConfig)
    HAL_SYSTICK_Config                       0x08002ed9   Thumb Code    40  stm32f4xx_hal_cortex.o(i.HAL_SYSTICK_Config)
    HAL_TIMEx_BreakCallback                  0x08002f01   Thumb Code     2  stm32f4xx_hal_tim_ex.o(i.HAL_TIMEx_BreakCallback)
    HAL_TIMEx_CommutCallback                 0x08002f03   Thumb Code     2  stm32f4xx_hal_tim_ex.o(i.HAL_TIMEx_CommutCallback)
    HAL_TIM_Base_Init                        0x08002f05   Thumb Code    54  stm32f4xx_hal_tim.o(i.HAL_TIM_Base_Init)
    HAL_TIM_Base_MspInit                     0x08002f3d   Thumb Code   256  input_key.o(i.HAL_TIM_Base_MspInit)
    HAL_TIM_Base_Start_IT                    0x08003055   Thumb Code    34  stm32f4xx_hal_tim.o(i.HAL_TIM_Base_Start_IT)
    HAL_TIM_Base_Stop_IT                     0x08003077   Thumb Code    42  stm32f4xx_hal_tim.o(i.HAL_TIM_Base_Stop_IT)
    HAL_TIM_IC_CaptureCallback               0x080030a1   Thumb Code     2  stm32f4xx_hal_tim.o(i.HAL_TIM_IC_CaptureCallback)
    HAL_TIM_IRQHandler                       0x080030a3   Thumb Code   358  stm32f4xx_hal_tim.o(i.HAL_TIM_IRQHandler)
    HAL_TIM_OC_DelayElapsedCallback          0x08003209   Thumb Code     2  stm32f4xx_hal_tim.o(i.HAL_TIM_OC_DelayElapsedCallback)
    HAL_TIM_PWM_PulseFinishedCallback        0x0800320b   Thumb Code     2  stm32f4xx_hal_tim.o(i.HAL_TIM_PWM_PulseFinishedCallback)
    HAL_TIM_PeriodElapsedCallback            0x0800320d   Thumb Code   678  input_key.o(i.HAL_TIM_PeriodElapsedCallback)
    HAL_TIM_TriggerCallback                  0x08003519   Thumb Code     2  stm32f4xx_hal_tim.o(i.HAL_TIM_TriggerCallback)
    HAL_UART_ErrorCallback                   0x0800351b   Thumb Code     2  stm32f4xx_hal_uart.o(i.HAL_UART_ErrorCallback)
    HAL_UART_GetState                        0x0800351d   Thumb Code    10  stm32f4xx_hal_uart.o(i.HAL_UART_GetState)
    HAL_UART_IRQHandler                      0x08003529   Thumb Code   266  stm32f4xx_hal_uart.o(i.HAL_UART_IRQHandler)
    HAL_UART_Init                            0x08003639   Thumb Code    98  stm32f4xx_hal_uart.o(i.HAL_UART_Init)
    HAL_UART_MspInit                         0x0800369d   Thumb Code   112  usart.o(i.HAL_UART_MspInit)
    HAL_UART_Receive_IT                      0x08003719   Thumb Code    82  stm32f4xx_hal_uart.o(i.HAL_UART_Receive_IT)
    HAL_UART_RxCpltCallback                  0x0800376d   Thumb Code    76  usart.o(i.HAL_UART_RxCpltCallback)
    HAL_UART_TxCpltCallback                  0x080037c5   Thumb Code     2  stm32f4xx_hal_uart.o(i.HAL_UART_TxCpltCallback)
    HardFault_Handler                        0x080037c7   Thumb Code     2  stm32f4xx_it.o(i.HardFault_Handler)
    Input_Encoder_Init                       0x080037c9   Thumb Code   136  input_key.o(i.Input_Encoder_Init)
    LCD12864_Init                            0x08003865   Thumb Code    36  u8g2_user.o(i.LCD12864_Init)
    LCD12864_Pin_Init                        0x0800389d   Thumb Code   106  gpio.o(i.LCD12864_Pin_Init)
    LCD12864_UpDate                          0x08003915   Thumb Code  1226  u8g2_user.o(i.LCD12864_UpDate)
    LED_Init                                 0x08003ded   Thumb Code    84  gpio.o(i.LED_Init)
    MemManage_Handler                        0x08003e49   Thumb Code     2  stm32f4xx_it.o(i.MemManage_Handler)
    Motor_Intt                               0x08003e4d   Thumb Code   300  gpio.o(i.Motor_Intt)
    NMI_Handler                              0x08003f89   Thumb Code     2  stm32f4xx_it.o(i.NMI_Handler)
    PendSV_Handler                           0x08003f8b   Thumb Code     2  stm32f4xx_it.o(i.PendSV_Handler)
    Read_Motor_Speed                         0x08003f8d   Thumb Code   352  steep.o(i.Read_Motor_Speed)
    SPI1_Init                                0x08004109   Thumb Code    72  spi.o(i.SPI1_Init)
    SPI1_ReadWriteByte                       0x08004159   Thumb Code    28  spi.o(i.SPI1_ReadWriteByte)
    SPI1_SetSpeed                            0x08004179   Thumb Code    46  spi.o(i.SPI1_SetSpeed)
    SVC_Handler                              0x08004299   Thumb Code     2  stm32f4xx_it.o(i.SVC_Handler)
    Steep_Init                               0x0800429d   Thumb Code    92  steep.o(i.Steep_Init)
    Stm32_Clock_Init                         0x08004309   Thumb Code   136  sys.o(i.Stm32_Clock_Init)
    SysTick_Handler                          0x0800439d   Thumb Code     4  stm32f4xx_it.o(i.SysTick_Handler)
    SystemInit                               0x080043a1   Thumb Code    66  system_stm32f4xx.o(i.SystemInit)
    TIM1_BRK_TIM9_IRQHandler                 0x080043f5   Thumb Code     6  steep.o(i.TIM1_BRK_TIM9_IRQHandler)
    TIM1_TRG_COM_TIM11_IRQHandler            0x08004401   Thumb Code     6  steep.o(i.TIM1_TRG_COM_TIM11_IRQHandler)
    TIM1_UP_TIM10_IRQHandler                 0x0800440d   Thumb Code     6  steep.o(i.TIM1_UP_TIM10_IRQHandler)
    TIM7_IRQHandler                          0x08004419   Thumb Code     6  input_key.o(i.TIM7_IRQHandler)
    TIM7_Init                                0x08004425   Thumb Code    32  input_key.o(i.TIM7_Init)
    TIM_Base_SetConfig                       0x0800444d   Thumb Code   156  stm32f4xx_hal_tim.o(i.TIM_Base_SetConfig)
    USART1_IRQHandler                        0x080048e9   Thumb Code    34  usart.o(i.USART1_IRQHandler)
    UsageFault_Handler                       0x08004915   Thumb Code     2  stm32f4xx_it.o(i.UsageFault_Handler)
    W25QXX_Erase_Sector                      0x08004919   Thumb Code    80  w25qxx.o(i.W25QXX_Erase_Sector)
    W25QXX_Init                              0x08004971   Thumb Code   108  w25qxx.o(i.W25QXX_Init)
    W25QXX_Read                              0x080049ed   Thumb Code    94  w25qxx.o(i.W25QXX_Read)
    W25QXX_ReadID                            0x08004a55   Thumb Code    62  w25qxx.o(i.W25QXX_ReadID)
    W25QXX_ReadSR                            0x08004a99   Thumb Code    52  w25qxx.o(i.W25QXX_ReadSR)
    W25QXX_Wait_Busy                         0x08004ad1   Thumb Code    14  w25qxx.o(i.W25QXX_Wait_Busy)
    W25QXX_Write                             0x08004ae1   Thumb Code   150  w25qxx.o(i.W25QXX_Write)
    W25QXX_Write_Enable                      0x08004b7d   Thumb Code    26  w25qxx.o(i.W25QXX_Write_Enable)
    W25QXX_Write_NoCheck                     0x08004b9d   Thumb Code    62  w25qxx.o(i.W25QXX_Write_NoCheck)
    W25QXX_Write_Page                        0x08004bdd   Thumb Code   100  w25qxx.o(i.W25QXX_Write_Page)
    __ARM_fpclassify                         0x08004c49   Thumb Code    48  fpclassify.o(i.__ARM_fpclassify)
    __hardfp___mathlib_tofloat               0x08004c99   Thumb Code   232  narrow.o(i.__hardfp___mathlib_tofloat)
    __hardfp_atof                            0x08004d91   Thumb Code    44  atof.o(i.__hardfp_atof)
    __hardfp_ldexp                           0x08004dc9   Thumb Code   200  ldexp.o(i.__hardfp_ldexp)
    __mathlib_dbl_overflow                   0x08004e99   Thumb Code    24  dunder.o(i.__mathlib_dbl_overflow)
    __mathlib_dbl_underflow                  0x08004eb9   Thumb Code    24  dunder.o(i.__mathlib_dbl_underflow)
    __mathlib_narrow                         0x08004ed9   Thumb Code    18  narrow.o(i.__mathlib_narrow)
    __support_ldexp                          0x08004eeb   Thumb Code    20  ldexp.o(i.__support_ldexp)
    _is_digit                                0x08004eff   Thumb Code    14  __printf_wp.o(i._is_digit)
    _sys_exit                                0x08004f0d   Thumb Code     2  usart.o(i._sys_exit)
    delay_init                               0x08004f11   Thumb Code    16  delay.o(i.delay_init)
    delay_ms                                 0x08004f25   Thumb Code    26  delay.o(i.delay_ms)
    delay_us                                 0x08004f41   Thumb Code    48  delay.o(i.delay_us)
    frexp                                    0x08004f79   Thumb Code   118  frexp.o(i.frexp)
    main                                     0x08005005   Thumb Code   206  main.o(i.main)
    u8g2_ClearBuffer                         0x080050ed   Thumb Code    20  u8g2_buffer.o(i.u8g2_ClearBuffer)
    u8g2_ClearDisplay                        0x08005101   Thumb Code    30  u8g2_cleardisplay.o(i.u8g2_ClearDisplay)
    u8g2_DrawBox                             0x0800511f   Thumb Code    68  u8g2_box.o(i.u8g2_DrawBox)
    u8g2_DrawGlyph                           0x08005163   Thumb Code   112  u8g2_font.o(i.u8g2_DrawGlyph)
    u8g2_DrawHVLine                          0x080051d3   Thumb Code   170  u8g2_hvline.o(i.u8g2_DrawHVLine)
    u8g2_DrawStr                             0x0800527d   Thumb Code    12  u8g2_font.o(i.u8g2_DrawStr)
    u8g2_FirstPage                           0x0800528d   Thumb Code    26  u8g2_buffer.o(i.u8g2_FirstPage)
    u8g2_GetGlyphWidth                       0x080052a7   Thumb Code    62  u8g2_font.o(i.u8g2_GetGlyphWidth)
    u8g2_GetStrWidth                         0x080052e5   Thumb Code     8  u8g2_font.o(i.u8g2_GetStrWidth)
    u8g2_IsIntersection                      0x080052f1   Thumb Code    48  u8g2_intersection.o(i.u8g2_IsIntersection)
    u8g2_NextPage                            0x08005321   Thumb Code    62  u8g2_buffer.o(i.u8g2_NextPage)
    u8g2_SendBuffer                          0x0800535f   Thumb Code    18  u8g2_buffer.o(i.u8g2_SendBuffer)
    u8g2_SetBufferCurrTileRow                0x08005371   Thumb Code    28  u8g2_buffer.o(i.u8g2_SetBufferCurrTileRow)
    u8g2_SetDrawColor                        0x0800538d   Thumb Code    16  u8g2_hvline.o(i.u8g2_SetDrawColor)
    u8g2_SetFont                             0x0800539d   Thumb Code    32  u8g2_font.o(i.u8g2_SetFont)
    u8g2_SetFontPosBaseline                  0x080053bd   Thumb Code     6  u8g2_font.o(i.u8g2_SetFontPosBaseline)
    u8g2_SetFontPosTop                       0x080053c9   Thumb Code     6  u8g2_font.o(i.u8g2_SetFontPosTop)
    u8g2_SetMaxClipWindow                    0x080053d5   Thumb Code    28  u8g2_setup.o(i.u8g2_SetMaxClipWindow)
    u8g2_SetupBuffer                         0x080053f1   Thumb Code    66  u8g2_setup.o(i.u8g2_SetupBuffer)
    u8g2_Setup_st7920_s_128x64_f             0x08005435   Thumb Code    42  u8g2_d_setup.o(i.u8g2_Setup_st7920_s_128x64_f)
    u8g2_UpdateRefHeight                     0x0800546d   Thumb Code    82  u8g2_font.o(i.u8g2_UpdateRefHeight)
    u8g2_add_vector_x                        0x080054bf   Thumb Code    28  u8g2_font.o(i.u8g2_add_vector_x)
    u8g2_add_vector_y                        0x080054db   Thumb Code    28  u8g2_font.o(i.u8g2_add_vector_y)
    u8g2_draw_hv_line_2dir                   0x080055a1   Thumb Code    18  u8g2_hvline.o(i.u8g2_draw_hv_line_2dir)
    u8g2_draw_l90_r0                         0x080055b3   Thumb Code    12  u8g2_setup.o(i.u8g2_draw_l90_r0)
    u8g2_font_calc_vref_font                 0x0800562b   Thumb Code     4  u8g2_font.o(i.u8g2_font_calc_vref_font)
    u8g2_font_calc_vref_top                  0x0800562f   Thumb Code    10  u8g2_font.o(i.u8g2_font_calc_vref_top)
    u8g2_font_decode_get_signed_bits         0x08005639   Thumb Code    20  u8g2_font.o(i.u8g2_font_decode_get_signed_bits)
    u8g2_font_decode_get_unsigned_bits       0x0800564d   Thumb Code    52  u8g2_font.o(i.u8g2_font_decode_get_unsigned_bits)
    u8g2_font_decode_glyph                   0x08005681   Thumb Code   274  u8g2_font.o(i.u8g2_font_decode_glyph)
    u8g2_font_decode_len                     0x08005793   Thumb Code   138  u8g2_font.o(i.u8g2_font_decode_len)
    u8g2_font_get_glyph_data                 0x0800581d   Thumb Code   114  u8g2_font.o(i.u8g2_font_get_glyph_data)
    u8g2_gpio_and_delay_stm32                0x080058d9   Thumb Code   118  u8g2_user.o(i.u8g2_gpio_and_delay_stm32)
    u8g2_is_intersection_decision_tree       0x08005959   Thumb Code    24  u8g2_intersection.o(i.u8g2_is_intersection_decision_tree)
    u8g2_ll_hvline_horizontal_right_lsb      0x08005971   Thumb Code   116  u8g2_ll_hvline.o(i.u8g2_ll_hvline_horizontal_right_lsb)
    u8g2_m_16_8_f                            0x080059e5   Thumb Code     8  u8g2_d_memory.o(i.u8g2_m_16_8_f)
    u8g2_read_font_info                      0x080059f1   Thumb Code   106  u8g2_font.o(i.u8g2_read_font_info)
    u8g2_update_dimension_r0                 0x08005b47   Thumb Code     4  u8g2_setup.o(i.u8g2_update_dimension_r0)
    u8g2_update_page_win_r0                  0x08005b4b   Thumb Code    34  u8g2_setup.o(i.u8g2_update_page_win_r0)
    u8x8_DrawTile                            0x08005b6d   Thumb Code    30  u8x8_display.o(i.u8x8_DrawTile)
    u8x8_InitDisplay                         0x08005b8b   Thumb Code    16  u8x8_display.o(i.u8x8_InitDisplay)
    u8x8_RefreshDisplay                      0x08005b9b   Thumb Code    16  u8x8_display.o(i.u8x8_RefreshDisplay)
    u8x8_SetPowerSave                        0x08005bab   Thumb Code    16  u8x8_display.o(i.u8x8_SetPowerSave)
    u8x8_Setup                               0x08005bbb   Thumb Code    34  u8x8_setup.o(i.u8x8_Setup)
    u8x8_SetupDefaults                       0x08005bdd   Thumb Code    32  u8x8_setup.o(i.u8x8_SetupDefaults)
    u8x8_SetupMemory                         0x08005c01   Thumb Code    16  u8x8_display.o(i.u8x8_SetupMemory)
    u8x8_ascii_next                          0x08005c11   Thumb Code    14  u8x8_8x8.o(i.u8x8_ascii_next)
    u8x8_byte_4wire_sw_spi                   0x08005c1f   Thumb Code   232  u8x8_byte.o(i.u8x8_byte_4wire_sw_spi)
    u8x8_byte_SendByte                       0x08005d07   Thumb Code    12  u8x8_byte.o(i.u8x8_byte_SendByte)
    u8x8_byte_SendBytes                      0x08005d13   Thumb Code    16  u8x8_byte.o(i.u8x8_byte_SendBytes)
    u8x8_cad_EndTransfer                     0x08005d23   Thumb Code    16  u8x8_cad.o(i.u8x8_cad_EndTransfer)
    u8x8_cad_SendCmd                         0x08005d33   Thumb Code    16  u8x8_cad.o(i.u8x8_cad_SendCmd)
    u8x8_cad_SendData                        0x08005d43   Thumb Code    16  u8x8_cad.o(i.u8x8_cad_SendData)
    u8x8_cad_SendSequence                    0x08005d53   Thumb Code   102  u8x8_cad.o(i.u8x8_cad_SendSequence)
    u8x8_cad_StartTransfer                   0x08005db9   Thumb Code    16  u8x8_cad.o(i.u8x8_cad_StartTransfer)
    u8x8_cad_st7920_spi                      0x08005dc9   Thumb Code   244  u8x8_cad.o(i.u8x8_cad_st7920_spi)
    u8x8_d_helper_display_init               0x08005ec1   Thumb Code    96  u8x8_display.o(i.u8x8_d_helper_display_init)
    u8x8_d_helper_display_setup_memory       0x08005f21   Thumb Code    10  u8x8_display.o(i.u8x8_d_helper_display_setup_memory)
    u8x8_d_st7920_128x64                     0x08005f2d   Thumb Code    24  u8x8_d_st7920.o(i.u8x8_d_st7920_128x64)
    u8x8_d_st7920_common                     0x08005f49   Thumb Code   164  u8x8_d_st7920.o(i.u8x8_d_st7920_common)
    u8x8_dummy_cb                            0x08005ff1   Thumb Code     4  u8x8_setup.o(i.u8x8_dummy_cb)
    u8x8_gpio_call                           0x08005ff5   Thumb Code    12  u8x8_gpio.o(i.u8x8_gpio_call)
    u8x8_utf8_init                           0x08006001   Thumb Code     8  u8x8_8x8.o(i.u8x8_utf8_init)
    uart_init                                0x08006009   Thumb Code    44  usart.o(i.uart_init)
    _get_lc_numeric                          0x08006041   Thumb Code    44  lc_numeric_c.o(locale$$code)
    _get_lc_ctype                            0x0800606d   Thumb Code    44  lc_ctype_c.o(locale$$code)
    __aeabi_d2f                              0x08006099   Thumb Code     0  d2f.o(x$fpl$d2f)
    _d2f                                     0x08006099   Thumb Code    98  d2f.o(x$fpl$d2f)
    __fpl_dcheck_NaN1                        0x080060fd   Thumb Code    10  dcheck1.o(x$fpl$dcheck1)
    __fpl_dcmp_Inf                           0x0800610d   Thumb Code    24  dcmpi.o(x$fpl$dcmpinf)
    __aeabi_cdcmpeq                          0x08006125   Thumb Code     0  deqf.o(x$fpl$deqf)
    _dcmpeq                                  0x08006125   Thumb Code   120  deqf.o(x$fpl$deqf)
    __aeabi_cdcmple                          0x0800619d   Thumb Code     0  dleqf.o(x$fpl$dleqf)
    _dcmple                                  0x0800619d   Thumb Code   120  dleqf.o(x$fpl$dleqf)
    __fpl_dcmple_InfNaN                      0x080061ff   Thumb Code     0  dleqf.o(x$fpl$dleqf)
    __aeabi_dmul                             0x08006215   Thumb Code     0  dmul.o(x$fpl$dmul)
    _dmul                                    0x08006215   Thumb Code   332  dmul.o(x$fpl$dmul)
    __fpl_dnaninf                            0x08006369   Thumb Code   156  dnaninf.o(x$fpl$dnaninf)
    __fpl_dretinf                            0x08006405   Thumb Code    12  dretinf.o(x$fpl$dretinf)
    __aeabi_cdrcmple                         0x08006411   Thumb Code     0  drleqf.o(x$fpl$drleqf)
    _drcmple                                 0x08006411   Thumb Code   108  drleqf.o(x$fpl$drleqf)
    __aeabi_f2d                              0x0800647d   Thumb Code     0  f2d.o(x$fpl$f2d)
    _f2d                                     0x0800647d   Thumb Code    86  f2d.o(x$fpl$f2d)
    __fpl_fnaninf                            0x080064d3   Thumb Code   140  fnaninf.o(x$fpl$fnaninf)
    _fp_init                                 0x0800655f   Thumb Code    10  fpinit.o(x$fpl$fpinit)
    __fplib_config_fpu_vfp                   0x08006567   Thumb Code     0  fpinit.o(x$fpl$fpinit)
    __fplib_config_pureend_doubles           0x08006567   Thumb Code     0  fpinit.o(x$fpl$fpinit)
    __fpl_fretinf                            0x08006569   Thumb Code    10  fretinf.o(x$fpl$fretinf)
    __ieee_status                            0x08006573   Thumb Code     6  istatus.o(x$fpl$ieeestatus)
    _printf_fp_dec                           0x08006579   Thumb Code     4  printf1.o(x$fpl$printf1)
    __fpl_return_NaN                         0x0800657d   Thumb Code   100  retnan.o(x$fpl$retnan)
    __ARM_scalbn                             0x080065e1   Thumb Code    92  scalbn.o(x$fpl$scalbn)
    _scanf_real                              0x0800663d   Thumb Code     4  scanf1.o(x$fpl$scanf1)
    _scanf_hex_real                          0x08006641   Thumb Code     4  scanf2.o(x$fpl$scanf2)
    _scanf_infnan                            0x08006645   Thumb Code     4  scanf2.o(x$fpl$scanf2)
    __fpl_cmpreturn                          0x08006649   Thumb Code    48  trapv.o(x$fpl$trapveneer)
    AHBPrescTable                            0x08006678   Data          16  system_stm32f4xx.o(.constdata)
    __I$use$fp                               0x08006678   Number         0  usenofp.o(x$fpl$usenofp)
    APBPrescTable                            0x08006688   Data           8  system_stm32f4xx.o(.constdata)
    u8g2_font_7x14_tf                        0x08006690   Data        2436  u8g2_fonts.o(.constdata)
    u8g2_cb_r0                               0x08007014   Data          12  u8g2_setup.o(.constdata)
    Region$$Table$$Base                      0x08007204   Number         0  anon$$obj.o(Region$$Table)
    Region$$Table$$Limit                     0x08007224   Number         0  anon$$obj.o(Region$$Table)
    __aeabi_HUGE_VAL                         0x08007224   Data           0  fpconst.o(c$$dinf)
    __aeabi_HUGE_VALL                        0x08007224   Data           0  fpconst.o(c$$dinf)
    __aeabi_INFINITY                         0x08007224   Data           0  fpconst.o(c$$dinf)
    __dInf                                   0x08007224   Data           0  fpconst.o(c$$dinf)
    __huge_val                               0x08007224   Data           0  fpconst.o(c$$dinf)
    __dbl_max                                0x0800722c   Data           0  fpconst.o(c$$dmax)
    __ctype                                  0x0800725d   Data           0  lc_ctype_c.o(locale$$data)
    SystemCoreClock                          0x20000000   Data           4  system_stm32f4xx.o(.data)
    uwTickFreq                               0x20000004   Data           1  stm32f4xx_hal.o(.data)
    uwTickPrio                               0x20000008   Data           4  stm32f4xx_hal.o(.data)
    uwTick                                   0x2000000c   Data           4  stm32f4xx_hal.o(.data)
    aRxBuffer                                0x20000014   Data           1  usart.o(.data)
    USART_RX_STA                             0x20000016   Data           2  usart.o(.data)
    menu_current                             0x20000018   Data           1  input_key.o(.data)
    Encoder_KEY_nu                           0x20000019   Data           1  input_key.o(.data)
    Encoder_KEY_flage                        0x2000001a   Data           1  input_key.o(.data)
    Encoder_AB_nu                            0x2000001b   Data           1  input_key.o(.data)
    Encoder_AB_flage                         0x2000001c   Data           1  input_key.o(.data)
    Beep_run                                 0x2000001d   Data           1  input_key.o(.data)
    menu_show                                0x2000001e   Data           1  input_key.o(.data)
    menu_update_flage                        0x2000001f   Data           1  input_key.o(.data)
    Motor_All_Run_flage                      0x20000020   Data           1  u8g2_user.o(.data)
    Motor_A_Run_flage                        0x20000021   Data           1  u8g2_user.o(.data)
    Motor_B_Run_flage                        0x20000022   Data           1  u8g2_user.o(.data)
    Motor_C_Run_flage                        0x20000023   Data           1  u8g2_user.o(.data)
    Motor_A_En_flage                         0x20000024   Data           1  u8g2_user.o(.data)
    Motor_B_En_flage                         0x20000025   Data           1  u8g2_user.o(.data)
    Motor_C_En_flage                         0x20000026   Data           1  u8g2_user.o(.data)
    menu_motorA                              0x20000028   Data           4  u8g2_user.o(.data)
    menu_motorB                              0x2000002c   Data           4  u8g2_user.o(.data)
    menu_motorC                              0x20000030   Data           4  u8g2_user.o(.data)
    Main_Screen_Start                        0x20000034   Data          20  u8g2_user.o(.data)
    Main_Screen_Stop                         0x20000048   Data          20  u8g2_user.o(.data)
    Control                                  0x2000005c   Data          28  u8g2_user.o(.data)
    Setting                                  0x20000078   Data          16  u8g2_user.o(.data)
    Motor_All_En_flage                       0x20000088   Data           1  u8g2_user.o(.data)
    menu_main                                0x20000089   Data           1  u8g2_user.o(.data)
    menu_control                             0x2000008a   Data           1  u8g2_user.o(.data)
    menu_setting                             0x2000008b   Data           1  u8g2_user.o(.data)
    Motor_A_Step_ARR                         0x2000008c   Data           2  steep.o(.data)
    Motor_B_Step_ARR                         0x2000008e   Data           2  steep.o(.data)
    Motor_C_Step_ARR                         0x20000090   Data           2  steep.o(.data)
    Motor_A_Speed_Now                        0x20000094   Data           4  steep.o(.data)
    Motor_B_Speed_Now                        0x20000098   Data           4  steep.o(.data)
    Motor_C_Speed_Now                        0x2000009c   Data           4  steep.o(.data)
    Motor_A_Speed_Str                        0x200000a0   Data           4  steep.o(.data)
    Motor_B_Speed_Str                        0x200000a4   Data           4  steep.o(.data)
    Motor_C_Speed_Str                        0x200000a8   Data           4  steep.o(.data)
    Motor_Init_Speed_Str                     0x200000ac   Data           4  steep.o(.data)
    W25QXX_TYPE                              0x200000b0   Data           2  w25qxx.o(.data)
    USART_RX_BUF                             0x200000b4   Data         200  usart.o(.bss)
    UART1_Handler                            0x2000017c   Data          64  usart.o(.bss)
    TIM7_Handler                             0x200001bc   Data          64  input_key.o(.bss)
    u8g2                                     0x2000060c   Data         148  u8g2_user.o(.bss)
    TIM9_Handler                             0x200006a0   Data          64  steep.o(.bss)
    TIM10_Handler                            0x200006e0   Data          64  steep.o(.bss)
    TIM11_Handler                            0x20000720   Data          64  steep.o(.bss)
    SPI1_Handler                             0x20000760   Data          88  spi.o(.bss)
    W25QXX_BUFFER                            0x200007b8   Data        4096  w25qxx.o(.bss)
    __libspace_start                         0x200017b8   Data          96  libspace.o(.bss)
    __temporary_stack_top$libspace           0x20001818   Data           0  libspace.o(.bss)



==============================================================================

Memory Map of the image

  Image Entry point : 0x08000189

  Load Region LR_IROM1 (Base: 0x08000000, Size: 0x00007414, Max: 0x00100000, ABSOLUTE)

    Execution Region ER_IROM1 (Exec base: 0x08000000, Load base: 0x08000000, Size: 0x00007360, Max: 0x00100000, ABSOLUTE)

    Exec Addr    Load Addr    Size         Type   Attr      Idx    E Section Name        Object

    0x08000000   0x08000000   0x00000188   Data   RO          696    RESET               startup_stm32f407xx.o
    0x08000188   0x08000188   0x00000008   Code   RO         9368  * !!!main             c_w.l(__main.o)
    0x08000190   0x08000190   0x00000034   Code   RO         9723    !!!scatter          c_w.l(__scatter.o)
    0x080001c4   0x080001c4   0x0000001a   Code   RO         9725    !!handler_copy      c_w.l(__scatter_copy.o)
    0x080001de   0x080001de   0x00000002   PAD
    0x080001e0   0x080001e0   0x0000001c   Code   RO         9727    !!handler_zi        c_w.l(__scatter_zi.o)
    0x080001fc   0x080001fc   0x00000000   Code   RO         9359    .ARM.Collect$$_printf_percent$$00000000  c_w.l(_printf_percent.o)
    0x080001fc   0x080001fc   0x00000006   Code   RO         9358    .ARM.Collect$$_printf_percent$$00000003  c_w.l(_printf_f.o)
    0x08000202   0x08000202   0x00000004   Code   RO         9399    .ARM.Collect$$_printf_percent$$00000017  c_w.l(_printf_percent_end.o)
    0x08000206   0x08000206   0x00000002   Code   RO         9506    .ARM.Collect$$libinit$$00000000  c_w.l(libinit.o)
    0x08000208   0x08000208   0x00000004   Code   RO         9507    .ARM.Collect$$libinit$$00000001  c_w.l(libinit2.o)
    0x0800020c   0x0800020c   0x00000000   Code   RO         9510    .ARM.Collect$$libinit$$00000004  c_w.l(libinit2.o)
    0x0800020c   0x0800020c   0x00000000   Code   RO         9513    .ARM.Collect$$libinit$$0000000A  c_w.l(libinit2.o)
    0x0800020c   0x0800020c   0x00000000   Code   RO         9515    .ARM.Collect$$libinit$$0000000C  c_w.l(libinit2.o)
    0x0800020c   0x0800020c   0x00000000   Code   RO         9517    .ARM.Collect$$libinit$$0000000E  c_w.l(libinit2.o)
    0x0800020c   0x0800020c   0x00000006   Code   RO         9518    .ARM.Collect$$libinit$$0000000F  c_w.l(libinit2.o)
    0x08000212   0x08000212   0x00000000   Code   RO         9520    .ARM.Collect$$libinit$$00000011  c_w.l(libinit2.o)
    0x08000212   0x08000212   0x0000000c   Code   RO         9521    .ARM.Collect$$libinit$$00000012  c_w.l(libinit2.o)
    0x0800021e   0x0800021e   0x00000000   Code   RO         9522    .ARM.Collect$$libinit$$00000013  c_w.l(libinit2.o)
    0x0800021e   0x0800021e   0x00000000   Code   RO         9524    .ARM.Collect$$libinit$$00000015  c_w.l(libinit2.o)
    0x0800021e   0x0800021e   0x0000000a   Code   RO         9525    .ARM.Collect$$libinit$$00000016  c_w.l(libinit2.o)
    0x08000228   0x08000228   0x00000000   Code   RO         9526    .ARM.Collect$$libinit$$00000017  c_w.l(libinit2.o)
    0x08000228   0x08000228   0x00000000   Code   RO         9528    .ARM.Collect$$libinit$$00000019  c_w.l(libinit2.o)
    0x08000228   0x08000228   0x00000000   Code   RO         9530    .ARM.Collect$$libinit$$0000001B  c_w.l(libinit2.o)
    0x08000228   0x08000228   0x00000000   Code   RO         9532    .ARM.Collect$$libinit$$0000001D  c_w.l(libinit2.o)
    0x08000228   0x08000228   0x00000000   Code   RO         9534    .ARM.Collect$$libinit$$0000001F  c_w.l(libinit2.o)
    0x08000228   0x08000228   0x00000000   Code   RO         9536    .ARM.Collect$$libinit$$00000021  c_w.l(libinit2.o)
    0x08000228   0x08000228   0x00000000   Code   RO         9538    .ARM.Collect$$libinit$$00000023  c_w.l(libinit2.o)
    0x08000228   0x08000228   0x00000000   Code   RO         9540    .ARM.Collect$$libinit$$00000025  c_w.l(libinit2.o)
    0x08000228   0x08000228   0x00000000   Code   RO         9544    .ARM.Collect$$libinit$$0000002C  c_w.l(libinit2.o)
    0x08000228   0x08000228   0x00000000   Code   RO         9546    .ARM.Collect$$libinit$$0000002E  c_w.l(libinit2.o)
    0x08000228   0x08000228   0x00000000   Code   RO         9548    .ARM.Collect$$libinit$$00000030  c_w.l(libinit2.o)
    0x08000228   0x08000228   0x00000000   Code   RO         9550    .ARM.Collect$$libinit$$00000032  c_w.l(libinit2.o)
    0x08000228   0x08000228   0x00000002   Code   RO         9551    .ARM.Collect$$libinit$$00000033  c_w.l(libinit2.o)
    0x0800022a   0x0800022a   0x00000002   Code   RO         9632    .ARM.Collect$$libshutdown$$00000000  c_w.l(libshutdown.o)
    0x0800022c   0x0800022c   0x00000000   Code   RO         9673    .ARM.Collect$$libshutdown$$00000002  c_w.l(libshutdown2.o)
    0x0800022c   0x0800022c   0x00000000   Code   RO         9675    .ARM.Collect$$libshutdown$$00000004  c_w.l(libshutdown2.o)
    0x0800022c   0x0800022c   0x00000000   Code   RO         9678    .ARM.Collect$$libshutdown$$00000007  c_w.l(libshutdown2.o)
    0x0800022c   0x0800022c   0x00000000   Code   RO         9681    .ARM.Collect$$libshutdown$$0000000A  c_w.l(libshutdown2.o)
    0x0800022c   0x0800022c   0x00000000   Code   RO         9683    .ARM.Collect$$libshutdown$$0000000C  c_w.l(libshutdown2.o)
    0x0800022c   0x0800022c   0x00000000   Code   RO         9686    .ARM.Collect$$libshutdown$$0000000F  c_w.l(libshutdown2.o)
    0x0800022c   0x0800022c   0x00000002   Code   RO         9687    .ARM.Collect$$libshutdown$$00000010  c_w.l(libshutdown2.o)
    0x0800022e   0x0800022e   0x00000000   Code   RO         9384    .ARM.Collect$$rtentry$$00000000  c_w.l(__rtentry.o)
    0x0800022e   0x0800022e   0x00000000   Code   RO         9412    .ARM.Collect$$rtentry$$00000002  c_w.l(__rtentry2.o)
    0x0800022e   0x0800022e   0x00000006   Code   RO         9424    .ARM.Collect$$rtentry$$00000004  c_w.l(__rtentry4.o)
    0x08000234   0x08000234   0x00000000   Code   RO         9414    .ARM.Collect$$rtentry$$00000009  c_w.l(__rtentry2.o)
    0x08000234   0x08000234   0x00000004   Code   RO         9415    .ARM.Collect$$rtentry$$0000000A  c_w.l(__rtentry2.o)
    0x08000238   0x08000238   0x00000000   Code   RO         9417    .ARM.Collect$$rtentry$$0000000C  c_w.l(__rtentry2.o)
    0x08000238   0x08000238   0x00000008   Code   RO         9418    .ARM.Collect$$rtentry$$0000000D  c_w.l(__rtentry2.o)
    0x08000240   0x08000240   0x00000002   Code   RO         9552    .ARM.Collect$$rtexit$$00000000  c_w.l(rtexit.o)
    0x08000242   0x08000242   0x00000000   Code   RO         9586    .ARM.Collect$$rtexit$$00000002  c_w.l(rtexit2.o)
    0x08000242   0x08000242   0x00000004   Code   RO         9587    .ARM.Collect$$rtexit$$00000003  c_w.l(rtexit2.o)
    0x08000246   0x08000246   0x00000006   Code   RO         9588    .ARM.Collect$$rtexit$$00000004  c_w.l(rtexit2.o)
    0x0800024c   0x0800024c   0x00000040   Code   RO          697    .text               startup_stm32f407xx.o
    0x0800028c   0x0800028c   0x00000002   Code   RO         9324    .text               c_w.l(use_no_semi_2.o)
    0x0800028e   0x0800028e   0x000000ee   Code   RO         9326    .text               c_w.l(lludivv7m.o)
    0x0800037c   0x0800037c   0x00000028   Code   RO         9334    .text               c_w.l(noretval__2sprintf.o)
    0x080003a4   0x080003a4   0x0000010e   Code   RO         9346    .text               c_w.l(__printf_wp.o)
    0x080004b2   0x080004b2   0x00000044   Code   RO         9360    .text               c_w.l(rt_memclr.o)
    0x080004f6   0x080004f6   0x0000004e   Code   RO         9362    .text               c_w.l(rt_memclr_w.o)
    0x08000544   0x08000544   0x00000080   Code   RO         9364    .text               c_w.l(strcmpv7m.o)
    0x080005c4   0x080005c4   0x00000006   Code   RO         9366    .text               c_w.l(heapauxi.o)
    0x080005ca   0x080005ca   0x00000002   Code   RO         9382    .text               c_w.l(use_no_semi.o)
    0x080005cc   0x080005cc   0x00000016   Code   RO         9389    .text               c_w.l(_rserrno.o)
    0x080005e2   0x080005e2   0x0000041e   Code   RO         9391    .text               c_w.l(_printf_fp_dec.o)
    0x08000a00   0x08000a00   0x00000030   Code   RO         9393    .text               c_w.l(_printf_char_common.o)
    0x08000a30   0x08000a30   0x0000000a   Code   RO         9395    .text               c_w.l(_sputc.o)
    0x08000a3a   0x08000a3a   0x00000002   PAD
    0x08000a3c   0x08000a3c   0x000000a4   Code   RO         9400    .text               c_w.l(strtod.o)
    0x08000ae0   0x08000ae0   0x00000008   Code   RO         9431    .text               c_w.l(rt_locale_intlibspace.o)
    0x08000ae8   0x08000ae8   0x00000008   Code   RO         9436    .text               c_w.l(rt_errno_addr_intlibspace.o)
    0x08000af0   0x08000af0   0x0000008a   Code   RO         9438    .text               c_w.l(lludiv10.o)
    0x08000b7a   0x08000b7a   0x00000012   Code   RO         9440    .text               c_w.l(isspace.o)
    0x08000b8c   0x08000b8c   0x00000080   Code   RO         9442    .text               c_w.l(_printf_fp_infnan.o)
    0x08000c0c   0x08000c0c   0x00000040   Code   RO         9446    .text               c_w.l(_sgetc.o)
    0x08000c4c   0x08000c4c   0x000000e4   Code   RO         9448    .text               c_w.l(bigflt0.o)
    0x08000d30   0x08000d30   0x00000008   Code   RO         9486    .text               c_w.l(libspace.o)
    0x08000d38   0x08000d38   0x0000004a   Code   RO         9489    .text               c_w.l(sys_stackheap_outer.o)
    0x08000d82   0x08000d82   0x00000002   PAD
    0x08000d84   0x08000d84   0x00000010   Code   RO         9491    .text               c_w.l(rt_ctype_table.o)
    0x08000d94   0x08000d94   0x000004f8   Code   RO         9493    .text               c_w.l(scanf_fp.o)
    0x0800128c   0x0800128c   0x00000012   Code   RO         9495    .text               c_w.l(exit.o)
    0x0800129e   0x0800129e   0x00000002   PAD
    0x080012a0   0x080012a0   0x00000320   Code   RO         9592    .text               c_w.l(scanf_hexfp.o)
    0x080015c0   0x080015c0   0x00000134   Code   RO         9594    .text               c_w.l(scanf_infnan.o)
    0x080016f4   0x080016f4   0x00000026   Code   RO         9620    .text               c_w.l(llshl.o)
    0x0800171a   0x0800171a   0x0000001c   Code   RO         9622    .text               c_w.l(_chval.o)
    0x08001736   0x08001736   0x0000003e   Code   RO         9451    CL$$btod_d2e        c_w.l(btod.o)
    0x08001774   0x08001774   0x00000046   Code   RO         9453    CL$$btod_d2e_denorm_low  c_w.l(btod.o)
    0x080017ba   0x080017ba   0x00000060   Code   RO         9452    CL$$btod_d2e_norm_op1  c_w.l(btod.o)
    0x0800181a   0x0800181a   0x00000338   Code   RO         9461    CL$$btod_div_common  c_w.l(btod.o)
    0x08001b52   0x08001b52   0x00000002   PAD
    0x08001b54   0x08001b54   0x00000084   Code   RO         9459    CL$$btod_e2d        c_w.l(btod.o)
    0x08001bd8   0x08001bd8   0x000000dc   Code   RO         9458    CL$$btod_e2e        c_w.l(btod.o)
    0x08001cb4   0x08001cb4   0x0000002a   Code   RO         9455    CL$$btod_ediv       c_w.l(btod.o)
    0x08001cde   0x08001cde   0x0000002a   Code   RO         9457    CL$$btod_edivd      c_w.l(btod.o)
    0x08001d08   0x08001d08   0x0000002a   Code   RO         9454    CL$$btod_emul       c_w.l(btod.o)
    0x08001d32   0x08001d32   0x0000002a   Code   RO         9456    CL$$btod_emuld      c_w.l(btod.o)
    0x08001d5c   0x08001d5c   0x00000244   Code   RO         9460    CL$$btod_mult_common  c_w.l(btod.o)
    0x08001fa0   0x08001fa0   0x00000002   Code   RO          275    i.BusFault_Handler  stm32f4xx_it.o
    0x08001fa2   0x08001fa2   0x00000002   Code   RO          276    i.DebugMon_Handler  stm32f4xx_it.o
    0x08001fa4   0x08001fa4   0x00000008   Code   RO         3602    i.EXTI15_10_IRQHandler  input_key.o
    0x08001fac   0x08001fac   0x00000044   Code   RO         3560    i.EndStop_Init      gpio.o
    0x08001ff0   0x08001ff0   0x00000024   Code   RO         2009    i.HAL_DMA_Abort_IT  stm32f4xx_hal_dma.o
    0x08002014   0x08002014   0x00000390   Code   RO         3603    i.HAL_GPIO_EXTI_Callback  input_key.o
    0x080023a4   0x080023a4   0x00000018   Code   RO         1024    i.HAL_GPIO_EXTI_IRQHandler  stm32f4xx_hal_gpio.o
    0x080023bc   0x080023bc   0x000001c0   Code   RO         1025    i.HAL_GPIO_Init     stm32f4xx_hal_gpio.o
    0x0800257c   0x0800257c   0x0000000a   Code   RO         1029    i.HAL_GPIO_WritePin  stm32f4xx_hal_gpio.o
    0x08002586   0x08002586   0x00000002   PAD
    0x08002588   0x08002588   0x0000000c   Code   RO          716    i.HAL_GetREVID      stm32f4xx_hal.o
    0x08002594   0x08002594   0x0000000c   Code   RO          717    i.HAL_GetTick       stm32f4xx_hal.o
    0x080025a0   0x080025a0   0x00000010   Code   RO          723    i.HAL_IncTick       stm32f4xx_hal.o
    0x080025b0   0x080025b0   0x0000002c   Code   RO          724    i.HAL_Init          stm32f4xx_hal.o
    0x080025dc   0x080025dc   0x00000040   Code   RO          725    i.HAL_InitTick      stm32f4xx_hal.o
    0x0800261c   0x0800261c   0x00000002   Code   RO          668    i.HAL_MspInit       stm32f4xx_hal_msp.o
    0x0800261e   0x0800261e   0x0000001a   Code   RO          892    i.HAL_NVIC_EnableIRQ  stm32f4xx_hal_cortex.o
    0x08002638   0x08002638   0x00000040   Code   RO          898    i.HAL_NVIC_SetPriority  stm32f4xx_hal_cortex.o
    0x08002678   0x08002678   0x00000024   Code   RO          899    i.HAL_NVIC_SetPriorityGrouping  stm32f4xx_hal_cortex.o
    0x0800269c   0x0800269c   0x00000130   Code   RO         1263    i.HAL_RCC_ClockConfig  stm32f4xx_hal_rcc.o
    0x080027cc   0x080027cc   0x00000020   Code   RO         1270    i.HAL_RCC_GetPCLK1Freq  stm32f4xx_hal_rcc.o
    0x080027ec   0x080027ec   0x00000020   Code   RO         1271    i.HAL_RCC_GetPCLK2Freq  stm32f4xx_hal_rcc.o
    0x0800280c   0x0800280c   0x00000060   Code   RO         1272    i.HAL_RCC_GetSysClockFreq  stm32f4xx_hal_rcc.o
    0x0800286c   0x0800286c   0x00000314   Code   RO         1275    i.HAL_RCC_OscConfig  stm32f4xx_hal_rcc.o
    0x08002b80   0x08002b80   0x0000008c   Code   RO         3091    i.HAL_SPI_Init      stm32f4xx_hal_spi.o
    0x08002c0c   0x08002c0c   0x00000050   Code   RO         9156    i.HAL_SPI_MspInit   spi.o
    0x08002c5c   0x08002c5c   0x00000264   Code   RO         3100    i.HAL_SPI_TransmitReceive  stm32f4xx_hal_spi.o
    0x08002ec0   0x08002ec0   0x00000018   Code   RO          901    i.HAL_SYSTICK_CLKSourceConfig  stm32f4xx_hal_cortex.o
    0x08002ed8   0x08002ed8   0x00000028   Code   RO          903    i.HAL_SYSTICK_Config  stm32f4xx_hal_cortex.o
    0x08002f00   0x08002f00   0x00000002   Code   RO         2829    i.HAL_TIMEx_BreakCallback  stm32f4xx_hal_tim_ex.o
    0x08002f02   0x08002f02   0x00000002   Code   RO         2830    i.HAL_TIMEx_CommutCallback  stm32f4xx_hal_tim_ex.o
    0x08002f04   0x08002f04   0x00000036   Code   RO         2154    i.HAL_TIM_Base_Init  stm32f4xx_hal_tim.o
    0x08002f3a   0x08002f3a   0x00000002   PAD
    0x08002f3c   0x08002f3c   0x00000118   Code   RO         3604    i.HAL_TIM_Base_MspInit  input_key.o
    0x08003054   0x08003054   0x00000022   Code   RO         2159    i.HAL_TIM_Base_Start_IT  stm32f4xx_hal_tim.o
    0x08003076   0x08003076   0x0000002a   Code   RO         2162    i.HAL_TIM_Base_Stop_IT  stm32f4xx_hal_tim.o
    0x080030a0   0x080030a0   0x00000002   Code   RO         2183    i.HAL_TIM_IC_CaptureCallback  stm32f4xx_hal_tim.o
    0x080030a2   0x080030a2   0x00000166   Code   RO         2197    i.HAL_TIM_IRQHandler  stm32f4xx_hal_tim.o
    0x08003208   0x08003208   0x00000002   Code   RO         2200    i.HAL_TIM_OC_DelayElapsedCallback  stm32f4xx_hal_tim.o
    0x0800320a   0x0800320a   0x00000002   Code   RO         2227    i.HAL_TIM_PWM_PulseFinishedCallback  stm32f4xx_hal_tim.o
    0x0800320c   0x0800320c   0x0000030c   Code   RO         3605    i.HAL_TIM_PeriodElapsedCallback  input_key.o
    0x08003518   0x08003518   0x00000002   Code   RO         2240    i.HAL_TIM_TriggerCallback  stm32f4xx_hal_tim.o
    0x0800351a   0x0800351a   0x00000002   Code   RO         1439    i.HAL_UART_ErrorCallback  stm32f4xx_hal_uart.o
    0x0800351c   0x0800351c   0x0000000a   Code   RO         1441    i.HAL_UART_GetState  stm32f4xx_hal_uart.o
    0x08003526   0x08003526   0x00000002   PAD
    0x08003528   0x08003528   0x00000110   Code   RO         1442    i.HAL_UART_IRQHandler  stm32f4xx_hal_uart.o
    0x08003638   0x08003638   0x00000062   Code   RO         1443    i.HAL_UART_Init     stm32f4xx_hal_uart.o
    0x0800369a   0x0800369a   0x00000002   PAD
    0x0800369c   0x0800369c   0x0000007c   Code   RO         3494    i.HAL_UART_MspInit  usart.o
    0x08003718   0x08003718   0x00000052   Code   RO         1448    i.HAL_UART_Receive_IT  stm32f4xx_hal_uart.o
    0x0800376a   0x0800376a   0x00000002   PAD
    0x0800376c   0x0800376c   0x00000058   Code   RO         3495    i.HAL_UART_RxCpltCallback  usart.o
    0x080037c4   0x080037c4   0x00000002   Code   RO         1454    i.HAL_UART_TxCpltCallback  stm32f4xx_hal_uart.o
    0x080037c6   0x080037c6   0x00000002   Code   RO          277    i.HardFault_Handler  stm32f4xx_it.o
    0x080037c8   0x080037c8   0x0000009c   Code   RO         3606    i.Input_Encoder_Init  input_key.o
    0x08003864   0x08003864   0x00000038   Code   RO         9044    i.LCD12864_Init     u8g2_user.o
    0x0800389c   0x0800389c   0x00000078   Code   RO         3561    i.LCD12864_Pin_Init  gpio.o
    0x08003914   0x08003914   0x000004d8   Code   RO         9045    i.LCD12864_UpDate   u8g2_user.o
    0x08003dec   0x08003dec   0x0000005c   Code   RO         3562    i.LED_Init          gpio.o
    0x08003e48   0x08003e48   0x00000002   Code   RO          278    i.MemManage_Handler  stm32f4xx_it.o
    0x08003e4a   0x08003e4a   0x00000002   PAD
    0x08003e4c   0x08003e4c   0x0000013c   Code   RO         3563    i.Motor_Intt        gpio.o
    0x08003f88   0x08003f88   0x00000002   Code   RO          279    i.NMI_Handler       stm32f4xx_it.o
    0x08003f8a   0x08003f8a   0x00000002   Code   RO          280    i.PendSV_Handler    stm32f4xx_it.o
    0x08003f8c   0x08003f8c   0x0000017c   Code   RO         9092    i.Read_Motor_Speed  steep.o
    0x08004108   0x08004108   0x00000050   Code   RO         9157    i.SPI1_Init         spi.o
    0x08004158   0x08004158   0x00000020   Code   RO         9158    i.SPI1_ReadWriteByte  spi.o
    0x08004178   0x08004178   0x00000034   Code   RO         9159    i.SPI1_SetSpeed     spi.o
    0x080041ac   0x080041ac   0x00000058   Code   RO         3131    i.SPI_EndRxTxTransaction  stm32f4xx_hal_spi.o
    0x08004204   0x08004204   0x00000094   Code   RO         3138    i.SPI_WaitFlagStateUntilTimeout  stm32f4xx_hal_spi.o
    0x08004298   0x08004298   0x00000002   Code   RO          281    i.SVC_Handler       stm32f4xx_it.o
    0x0800429a   0x0800429a   0x00000002   PAD
    0x0800429c   0x0800429c   0x0000006c   Code   RO         9093    i.Steep_Init        steep.o
    0x08004308   0x08004308   0x00000094   Code   RO         3467    i.Stm32_Clock_Init  sys.o
    0x0800439c   0x0800439c   0x00000004   Code   RO          282    i.SysTick_Handler   stm32f4xx_it.o
    0x080043a0   0x080043a0   0x00000054   Code   RO          542    i.SystemInit        system_stm32f4xx.o
    0x080043f4   0x080043f4   0x0000000c   Code   RO         9094    i.TIM1_BRK_TIM9_IRQHandler  steep.o
    0x08004400   0x08004400   0x0000000c   Code   RO         9095    i.TIM1_TRG_COM_TIM11_IRQHandler  steep.o
    0x0800440c   0x0800440c   0x0000000c   Code   RO         9096    i.TIM1_UP_TIM10_IRQHandler  steep.o
    0x08004418   0x08004418   0x0000000c   Code   RO         3607    i.TIM7_IRQHandler   input_key.o
    0x08004424   0x08004424   0x00000028   Code   RO         3608    i.TIM7_Init         input_key.o
    0x0800444c   0x0800444c   0x000000c8   Code   RO         2242    i.TIM_Base_SetConfig  stm32f4xx_hal_tim.o
    0x08004514   0x08004514   0x00000010   Code   RO         1456    i.UART_DMAAbortOnError  stm32f4xx_hal_uart.o
    0x08004524   0x08004524   0x0000001c   Code   RO         1466    i.UART_EndRxTransfer  stm32f4xx_hal_uart.o
    0x08004540   0x08004540   0x00000096   Code   RO         1468    i.UART_Receive_IT   stm32f4xx_hal_uart.o
    0x080045d6   0x080045d6   0x00000002   PAD
    0x080045d8   0x080045d8   0x000002ac   Code   RO         1469    i.UART_SetConfig    stm32f4xx_hal_uart.o
    0x08004884   0x08004884   0x00000062   Code   RO         1470    i.UART_Transmit_IT  stm32f4xx_hal_uart.o
    0x080048e6   0x080048e6   0x00000002   PAD
    0x080048e8   0x080048e8   0x0000002c   Code   RO         3496    i.USART1_IRQHandler  usart.o
    0x08004914   0x08004914   0x00000002   Code   RO          283    i.UsageFault_Handler  stm32f4xx_it.o
    0x08004916   0x08004916   0x00000002   PAD
    0x08004918   0x08004918   0x00000058   Code   RO         9205    i.W25QXX_Erase_Sector  w25qxx.o
    0x08004970   0x08004970   0x0000007c   Code   RO         9206    i.W25QXX_Init       w25qxx.o
    0x080049ec   0x080049ec   0x00000068   Code   RO         9208    i.W25QXX_Read       w25qxx.o
    0x08004a54   0x08004a54   0x00000044   Code   RO         9209    i.W25QXX_ReadID     w25qxx.o
    0x08004a98   0x08004a98   0x00000038   Code   RO         9210    i.W25QXX_ReadSR     w25qxx.o
    0x08004ad0   0x08004ad0   0x0000000e   Code   RO         9212    i.W25QXX_Wait_Busy  w25qxx.o
    0x08004ade   0x08004ade   0x00000002   PAD
    0x08004ae0   0x08004ae0   0x0000009c   Code   RO         9213    i.W25QXX_Write      w25qxx.o
    0x08004b7c   0x08004b7c   0x00000020   Code   RO         9215    i.W25QXX_Write_Enable  w25qxx.o
    0x08004b9c   0x08004b9c   0x0000003e   Code   RO         9216    i.W25QXX_Write_NoCheck  w25qxx.o
    0x08004bda   0x08004bda   0x00000002   PAD
    0x08004bdc   0x08004bdc   0x0000006c   Code   RO         9217    i.W25QXX_Write_Page  w25qxx.o
    0x08004c48   0x08004c48   0x00000030   Code   RO         9484    i.__ARM_fpclassify  m_wm.l(fpclassify.o)
    0x08004c78   0x08004c78   0x00000020   Code   RO          905    i.__NVIC_SetPriority  stm32f4xx_hal_cortex.o
    0x08004c98   0x08004c98   0x000000f8   Code   RO         9577    i.__hardfp___mathlib_tofloat  m_wm.l(narrow.o)
    0x08004d90   0x08004d90   0x00000038   Code   RO         9376    i.__hardfp_atof     m_wm.l(atof.o)
    0x08004dc8   0x08004dc8   0x000000d0   Code   RO         9639    i.__hardfp_ldexp    m_wm.l(ldexp.o)
    0x08004e98   0x08004e98   0x00000020   Code   RO         9694    i.__mathlib_dbl_overflow  m_wm.l(dunder.o)
    0x08004eb8   0x08004eb8   0x00000020   Code   RO         9696    i.__mathlib_dbl_underflow  m_wm.l(dunder.o)
    0x08004ed8   0x08004ed8   0x00000012   Code   RO         9578    i.__mathlib_narrow  m_wm.l(narrow.o)
    0x08004eea   0x08004eea   0x00000014   Code   RO         9641    i.__support_ldexp   m_wm.l(ldexp.o)
    0x08004efe   0x08004efe   0x0000000e   Code   RO         9348    i._is_digit         c_w.l(__printf_wp.o)
    0x08004f0c   0x08004f0c   0x00000002   Code   RO         3497    i._sys_exit         usart.o
    0x08004f0e   0x08004f0e   0x00000002   PAD
    0x08004f10   0x08004f10   0x00000014   Code   RO         3422    i.delay_init        delay.o
    0x08004f24   0x08004f24   0x0000001a   Code   RO         3423    i.delay_ms          delay.o
    0x08004f3e   0x08004f3e   0x00000002   PAD
    0x08004f40   0x08004f40   0x00000034   Code   RO         3424    i.delay_us          delay.o
    0x08004f74   0x08004f74   0x00000004   PAD
    0x08004f78   0x08004f78   0x0000008c   Code   RO         9610    i.frexp             m_wm.l(frexp.o)
    0x08005004   0x08005004   0x000000e8   Code   RO            4    i.main              main.o
    0x080050ec   0x080050ec   0x00000014   Code   RO         3754    i.u8g2_ClearBuffer  u8g2_buffer.o
    0x08005100   0x08005100   0x0000001e   Code   RO         3903    i.u8g2_ClearDisplay  u8g2_cleardisplay.o
    0x0800511e   0x0800511e   0x00000044   Code   RO         3724    i.u8g2_DrawBox      u8g2_box.o
    0x08005162   0x08005162   0x00000070   Code   RO         3942    i.u8g2_DrawGlyph    u8g2_font.o
    0x080051d2   0x080051d2   0x000000aa   Code   RO         5922    i.u8g2_DrawHVLine   u8g2_hvline.o
    0x0800527c   0x0800527c   0x00000010   Code   RO         3943    i.u8g2_DrawStr      u8g2_font.o
    0x0800528c   0x0800528c   0x0000001a   Code   RO         3755    i.u8g2_FirstPage    u8g2_buffer.o
    0x080052a6   0x080052a6   0x0000003e   Code   RO         3953    i.u8g2_GetGlyphWidth  u8g2_font.o
    0x080052e4   0x080052e4   0x0000000c   Code   RO         3954    i.u8g2_GetStrWidth  u8g2_font.o
    0x080052f0   0x080052f0   0x00000030   Code   RO         5983    i.u8g2_IsIntersection  u8g2_intersection.o
    0x08005320   0x08005320   0x0000003e   Code   RO         3756    i.u8g2_NextPage     u8g2_buffer.o
    0x0800535e   0x0800535e   0x00000012   Code   RO         3757    i.u8g2_SendBuffer   u8g2_buffer.o
    0x08005370   0x08005370   0x0000001c   Code   RO         3758    i.u8g2_SetBufferCurrTileRow  u8g2_buffer.o
    0x0800538c   0x0800538c   0x00000010   Code   RO         5925    i.u8g2_SetDrawColor  u8g2_hvline.o
    0x0800539c   0x0800539c   0x00000020   Code   RO         3959    i.u8g2_SetFont      u8g2_font.o
    0x080053bc   0x080053bc   0x0000000c   Code   RO         3962    i.u8g2_SetFontPosBaseline  u8g2_font.o
    0x080053c8   0x080053c8   0x0000000c   Code   RO         3965    i.u8g2_SetFontPosTop  u8g2_font.o
    0x080053d4   0x080053d4   0x0000001c   Code   RO         6171    i.u8g2_SetMaxClipWindow  u8g2_setup.o
    0x080053f0   0x080053f0   0x00000042   Code   RO         6172    i.u8g2_SetupBuffer  u8g2_setup.o
    0x08005432   0x08005432   0x00000002   PAD
    0x08005434   0x08005434   0x00000038   Code   RO         3928    i.u8g2_Setup_st7920_s_128x64_f  u8g2_d_setup.o
    0x0800546c   0x0800546c   0x00000052   Code   RO         3969    i.u8g2_UpdateRefHeight  u8g2_font.o
    0x080054be   0x080054be   0x0000001c   Code   RO         3970    i.u8g2_add_vector_x  u8g2_font.o
    0x080054da   0x080054da   0x0000001c   Code   RO         3971    i.u8g2_add_vector_y  u8g2_font.o
    0x080054f6   0x080054f6   0x0000006e   Code   RO         6174    i.u8g2_apply_clip_window  u8g2_setup.o
    0x08005564   0x08005564   0x0000003c   Code   RO         5926    i.u8g2_clip_intersection2  u8g2_hvline.o
    0x080055a0   0x080055a0   0x00000012   Code   RO         5927    i.u8g2_draw_hv_line_2dir  u8g2_hvline.o
    0x080055b2   0x080055b2   0x0000000c   Code   RO         6176    i.u8g2_draw_l90_r0  u8g2_setup.o
    0x080055be   0x080055be   0x0000006c   Code   RO         3973    i.u8g2_draw_string  u8g2_font.o
    0x0800562a   0x0800562a   0x00000004   Code   RO         3976    i.u8g2_font_calc_vref_font  u8g2_font.o
    0x0800562e   0x0800562e   0x0000000a   Code   RO         3977    i.u8g2_font_calc_vref_top  u8g2_font.o
    0x08005638   0x08005638   0x00000014   Code   RO         3978    i.u8g2_font_decode_get_signed_bits  u8g2_font.o
    0x0800564c   0x0800564c   0x00000034   Code   RO         3979    i.u8g2_font_decode_get_unsigned_bits  u8g2_font.o
    0x08005680   0x08005680   0x00000112   Code   RO         3980    i.u8g2_font_decode_glyph  u8g2_font.o
    0x08005792   0x08005792   0x0000008a   Code   RO         3981    i.u8g2_font_decode_len  u8g2_font.o
    0x0800581c   0x0800581c   0x00000072   Code   RO         3982    i.u8g2_font_get_glyph_data  u8g2_font.o
    0x0800588e   0x0800588e   0x00000014   Code   RO         3983    i.u8g2_font_get_word  u8g2_font.o
    0x080058a2   0x080058a2   0x00000034   Code   RO         3984    i.u8g2_font_setup_decode  u8g2_font.o
    0x080058d6   0x080058d6   0x00000002   PAD
    0x080058d8   0x080058d8   0x00000080   Code   RO         9046    i.u8g2_gpio_and_delay_stm32  u8g2_user.o
    0x08005958   0x08005958   0x00000018   Code   RO         5984    i.u8g2_is_intersection_decision_tree  u8g2_intersection.o
    0x08005970   0x08005970   0x00000074   Code   RO         6031    i.u8g2_ll_hvline_horizontal_right_lsb  u8g2_ll_hvline.o
    0x080059e4   0x080059e4   0x0000000c   Code   RO         3915    i.u8g2_m_16_8_f     u8g2_d_memory.o
    0x080059f0   0x080059f0   0x0000006a   Code   RO         3985    i.u8g2_read_font_info  u8g2_font.o
    0x08005a5a   0x08005a5a   0x0000004c   Code   RO         3765    i.u8g2_send_buffer  u8g2_buffer.o
    0x08005aa6   0x08005aa6   0x0000005a   Code   RO         3986    i.u8g2_string_width  u8g2_font.o
    0x08005b00   0x08005b00   0x00000046   Code   RO         6180    i.u8g2_update_dimension_common  u8g2_setup.o
    0x08005b46   0x08005b46   0x00000004   Code   RO         6181    i.u8g2_update_dimension_r0  u8g2_setup.o
    0x08005b4a   0x08005b4a   0x00000022   Code   RO         6185    i.u8g2_update_page_win_r0  u8g2_setup.o
    0x08005b6c   0x08005b6c   0x0000001e   Code   RO         8628    i.u8x8_DrawTile     u8x8_display.o
    0x08005b8a   0x08005b8a   0x00000010   Code   RO         8630    i.u8x8_InitDisplay  u8x8_display.o
    0x08005b9a   0x08005b9a   0x00000010   Code   RO         8631    i.u8x8_RefreshDisplay  u8x8_display.o
    0x08005baa   0x08005baa   0x00000010   Code   RO         8634    i.u8x8_SetPowerSave  u8x8_display.o
    0x08005bba   0x08005bba   0x00000022   Code   RO         8928    i.u8x8_Setup        u8x8_setup.o
    0x08005bdc   0x08005bdc   0x00000024   Code   RO         8929    i.u8x8_SetupDefaults  u8x8_setup.o
    0x08005c00   0x08005c00   0x00000010   Code   RO         8635    i.u8x8_SetupMemory  u8x8_display.o
    0x08005c10   0x08005c10   0x0000000e   Code   RO         6459    i.u8x8_ascii_next   u8x8_8x8.o
    0x08005c1e   0x08005c1e   0x000000e8   Code   RO         6581    i.u8x8_byte_4wire_sw_spi  u8x8_byte.o
    0x08005d06   0x08005d06   0x0000000c   Code   RO         6585    i.u8x8_byte_SendByte  u8x8_byte.o
    0x08005d12   0x08005d12   0x00000010   Code   RO         6586    i.u8x8_byte_SendBytes  u8x8_byte.o
    0x08005d22   0x08005d22   0x00000010   Code   RO         6704    i.u8x8_cad_EndTransfer  u8x8_cad.o
    0x08005d32   0x08005d32   0x00000010   Code   RO         6706    i.u8x8_cad_SendCmd  u8x8_cad.o
    0x08005d42   0x08005d42   0x00000010   Code   RO         6707    i.u8x8_cad_SendData  u8x8_cad.o
    0x08005d52   0x08005d52   0x00000066   Code   RO         6709    i.u8x8_cad_SendSequence  u8x8_cad.o
    0x08005db8   0x08005db8   0x00000010   Code   RO         6710    i.u8x8_cad_StartTransfer  u8x8_cad.o
    0x08005dc8   0x08005dc8   0x000000f8   Code   RO         6716    i.u8x8_cad_st7920_spi  u8x8_cad.o
    0x08005ec0   0x08005ec0   0x00000060   Code   RO         8636    i.u8x8_d_helper_display_init  u8x8_display.o
    0x08005f20   0x08005f20   0x0000000a   Code   RO         8637    i.u8x8_d_helper_display_setup_memory  u8x8_display.o
    0x08005f2a   0x08005f2a   0x00000002   PAD
    0x08005f2c   0x08005f2c   0x0000001c   Code   RO         8213    i.u8x8_d_st7920_128x64  u8x8_d_st7920.o
    0x08005f48   0x08005f48   0x000000a8   Code   RO         8215    i.u8x8_d_st7920_common  u8x8_d_st7920.o
    0x08005ff0   0x08005ff0   0x00000004   Code   RO         8931    i.u8x8_dummy_cb     u8x8_setup.o
    0x08005ff4   0x08005ff4   0x0000000c   Code   RO         8850    i.u8x8_gpio_call    u8x8_gpio.o
    0x08006000   0x08006000   0x00000008   Code   RO         6467    i.u8x8_utf8_init    u8x8_8x8.o
    0x08006008   0x08006008   0x00000038   Code   RO         3499    i.uart_init         usart.o
    0x08006040   0x08006040   0x0000002c   Code   RO         9478    locale$$code        c_w.l(lc_numeric_c.o)
    0x0800606c   0x0800606c   0x0000002c   Code   RO         9557    locale$$code        c_w.l(lc_ctype_c.o)
    0x08006098   0x08006098   0x00000062   Code   RO         9370    x$fpl$d2f           fz_wm.l(d2f.o)
    0x080060fa   0x080060fa   0x00000002   PAD
    0x080060fc   0x080060fc   0x00000010   Code   RO         9711    x$fpl$dcheck1       fz_wm.l(dcheck1.o)
    0x0800610c   0x0800610c   0x00000018   Code   RO         9633    x$fpl$dcmpinf       fz_wm.l(dcmpi.o)
    0x08006124   0x08006124   0x00000078   Code   RO         9604    x$fpl$deqf          fz_wm.l(deqf.o)
    0x0800619c   0x0800619c   0x00000078   Code   RO         9635    x$fpl$dleqf         fz_wm.l(dleqf.o)
    0x08006214   0x08006214   0x00000154   Code   RO         9637    x$fpl$dmul          fz_wm.l(dmul.o)
    0x08006368   0x08006368   0x0000009c   Code   RO         9402    x$fpl$dnaninf       fz_wm.l(dnaninf.o)
    0x08006404   0x08006404   0x0000000c   Code   RO         9404    x$fpl$dretinf       fz_wm.l(dretinf.o)
    0x08006410   0x08006410   0x0000006c   Code   RO         9606    x$fpl$drleqf        fz_wm.l(drleqf.o)
    0x0800647c   0x0800647c   0x00000056   Code   RO         9372    x$fpl$f2d           fz_wm.l(f2d.o)
    0x080064d2   0x080064d2   0x0000008c   Code   RO         9406    x$fpl$fnaninf       fz_wm.l(fnaninf.o)
    0x0800655e   0x0800655e   0x0000000a   Code   RO         9569    x$fpl$fpinit        fz_wm.l(fpinit.o)
    0x08006568   0x08006568   0x0000000a   Code   RO         9408    x$fpl$fretinf       fz_wm.l(fretinf.o)
    0x08006572   0x08006572   0x00000006   Code   RO         9480    x$fpl$ieeestatus    fz_wm.l(istatus.o)
    0x08006578   0x08006578   0x00000004   Code   RO         9374    x$fpl$printf1       fz_wm.l(printf1.o)
    0x0800657c   0x0800657c   0x00000064   Code   RO         9717    x$fpl$retnan        fz_wm.l(retnan.o)
    0x080065e0   0x080065e0   0x0000005c   Code   RO         9688    x$fpl$scalbn        fz_wm.l(scalbn.o)
    0x0800663c   0x0800663c   0x00000004   Code   RO         9482    x$fpl$scanf1        fz_wm.l(scanf1.o)
    0x08006640   0x08006640   0x00000008   Code   RO         9571    x$fpl$scanf2        fz_wm.l(scanf2.o)
    0x08006648   0x08006648   0x00000030   Code   RO         9719    x$fpl$trapveneer    fz_wm.l(trapv.o)
    0x08006678   0x08006678   0x00000000   Code   RO         9410    x$fpl$usenofp       fz_wm.l(usenofp.o)
    0x08006678   0x08006678   0x00000010   Data   RO          543    .constdata          system_stm32f4xx.o
    0x08006688   0x08006688   0x00000008   Data   RO          544    .constdata          system_stm32f4xx.o
    0x08006690   0x08006690   0x00000984   Data   RO         4329    .constdata          u8g2_fonts.o
    0x08007014   0x08007014   0x0000000c   Data   RO         6189    .constdata          u8g2_setup.o
    0x08007020   0x08007020   0x00000058   Data   RO         8216    .constdata          u8x8_d_st7920.o
    0x08007078   0x08007078   0x00000094   Data   RO         9449    .constdata          c_w.l(bigflt0.o)
    0x0800710c   0x0800710c   0x000000f7   Data   RO         9048    .conststring        u8g2_user.o
    0x08007203   0x08007203   0x00000001   PAD
    0x08007204   0x08007204   0x00000020   Data   RO         9721    Region$$Table       anon$$obj.o
    0x08007224   0x08007224   0x00000008   Data   RO         9565    c$$dinf             fz_wm.l(fpconst.o)
    0x0800722c   0x0800722c   0x00000008   Data   RO         9568    c$$dmax             fz_wm.l(fpconst.o)
    0x08007234   0x08007234   0x0000001c   Data   RO         9477    locale$$data        c_w.l(lc_numeric_c.o)
    0x08007250   0x08007250   0x00000110   Data   RO         9556    locale$$data        c_w.l(lc_ctype_c.o)


    Execution Region RW_IRAM1 (Exec base: 0x20000000, Load base: 0x08007360, Size: 0x00001e18, Max: 0x00020000, ABSOLUTE)

    Exec Addr    Load Addr    Size         Type   Attr      Idx    E Section Name        Object

    0x20000000   0x08007360   0x00000004   Data   RW          545    .data               system_stm32f4xx.o
    0x20000004   0x08007364   0x0000000c   Data   RW          731    .data               stm32f4xx_hal.o
    0x20000010   0x08007370   0x00000004   Data   RW         3425    .data               delay.o
    0x20000014   0x08007374   0x00000004   Data   RW         3501    .data               usart.o
    0x20000018   0x08007378   0x00000008   Data   RW         3610    .data               input_key.o
    0x20000020   0x08007380   0x00000068   Data   RW         9049    .data               u8g2_user.o
    0x20000088   0x080073e8   0x00000001   Data   RW         9050    .data               u8g2_user.o
    0x20000089   0x080073e9   0x00000001   Data   RW         9051    .data               u8g2_user.o
    0x2000008a   0x080073ea   0x00000001   Data   RW         9052    .data               u8g2_user.o
    0x2000008b   0x080073eb   0x00000001   Data   RW         9053    .data               u8g2_user.o
    0x2000008c   0x080073ec   0x00000020   Data   RW         9098    .data               steep.o
    0x200000ac   0x0800740c   0x00000004   Data   RW         9099    .data               steep.o
    0x200000b0   0x08007410   0x00000002   Data   RW         9220    .data               w25qxx.o
    0x200000b2   0x08007412   0x00000002   PAD
    0x200000b4        -       0x00000108   Zero   RW         3500    .bss                usart.o
    0x200001bc        -       0x00000040   Zero   RW         3609    .bss                input_key.o
    0x200001fc        -       0x00000400   Zero   RW         3916    .bss                u8g2_d_memory.o
    0x200005fc        -       0x00000010   Zero   RW         6720    .bss                u8x8_cad.o
    0x2000060c        -       0x00000094   Zero   RW         9047    .bss                u8g2_user.o
    0x200006a0        -       0x000000c0   Zero   RW         9097    .bss                steep.o
    0x20000760        -       0x00000058   Zero   RW         9160    .bss                spi.o
    0x200007b8        -       0x00001000   Zero   RW         9219    .bss                w25qxx.o
    0x200017b8        -       0x00000060   Zero   RW         9487    .bss                c_w.l(libspace.o)
    0x20001818        -       0x00000200   Zero   RW          695    HEAP                startup_stm32f407xx.o
    0x20001a18        -       0x00000400   Zero   RW          694    STACK               startup_stm32f407xx.o


==============================================================================

Image component sizes


      Code (inc. data)   RO Data    RW Data    ZI Data      Debug   Object Name

        98          8          0          4          0       4375   delay.o
       596         46          0          0          0       3191   gpio.o
      2188        286          0          8         64       6857   input_key.o
       232         26          0          0          0     760334   main.o
       244         26          0          0         88       2826   spi.o
        64         26        392          0       1536        824   startup_stm32f407xx.o
       524         62          0         36        192       4149   steep.o
       148         28          0         12          0       4484   stm32f4xx_hal.o
       222         14          0          0          0      34445   stm32f4xx_hal_cortex.o
        36          0          0          0          0       1215   stm32f4xx_hal_dma.o
       482         52          0          0          0       3171   stm32f4xx_hal_gpio.o
         2          0          0          0          0        446   stm32f4xx_hal_msp.o
      1252         72          0          0          0       5284   stm32f4xx_hal_rcc.o
       988          8          0          0          0       4869   stm32f4xx_hal_spi.o
       696         44          0          0          0       7504   stm32f4xx_hal_tim.o
         4          0          0          0          0       1653   stm32f4xx_hal_tim_ex.o
      1442         14          0          0          0       8391   stm32f4xx_hal_uart.o
        20          0          0          0          0     694350   stm32f4xx_it.o
       148         12          0          0          0       1147   sys.o
        84         18         24          4          0       1087   system_stm32f4xx.o
         0          0          0          0          0     138551   u8g2_bitmap.o
        68          0          0          0          0        735   u8g2_box.o
       230          0          0          0          0       4304   u8g2_buffer.o
        30          0          0          0          0        588   u8g2_cleardisplay.o
        12          4          0          0       1024        840   u8g2_d_memory.o
        56         14          0          0          0       1031   u8g2_d_setup.o
      1384         20          0          0          0      17427   u8g2_font.o
         0          0       2436          0          0     123348   u8g2_fonts.o
       264          0          0          0          0       3091   u8g2_hvline.o
        72          0          0          0          0       1911   u8g2_intersection.o
       116          0          0          0          0       1330   u8g2_ll_hvline.o
       324          0         12          0          0     126372   u8g2_setup.o
      1424        142        247        108        148       4416   u8g2_user.o
        22          0          0          0          0       1869   u8x8_8x8.o
       260          0          0          0          0       3008   u8x8_byte.o
       414         10          0          0         16       4836   u8x8_cad.o
       196          8         88          0          0       2506   u8x8_d_st7920.o
       200          0          0          0          0       4438   u8x8_display.o
        12          0          0          0          0        605   u8x8_gpio.o
        74          4          0          0          0       1894   u8x8_setup.o
       314         46          0          4        264       5153   usart.o
       812         64          0          2       4096       7545   w25qxx.o

    ----------------------------------------------------------------------
     15792       1058       3232        180       7428    2006400   Object Totals
         0          0         32          0          0          0   (incl. Generated)
        38          4          1          2          0          0   (incl. Padding)

    ----------------------------------------------------------------------

      Code (inc. data)   RO Data    RW Data    ZI Data      Debug   Library Member Name

         8          0          0          0          0         68   __main.o
       284          0          0          0          0        156   __printf_wp.o
         0          0          0          0          0          0   __rtentry.o
        12          0          0          0          0          0   __rtentry2.o
         6          0          0          0          0          0   __rtentry4.o
        52          8          0          0          0          0   __scatter.o
        26          0          0          0          0          0   __scatter_copy.o
        28          0          0          0          0          0   __scatter_zi.o
        28          0          0          0          0         68   _chval.o
        48          6          0          0          0         96   _printf_char_common.o
         6          0          0          0          0          0   _printf_f.o
      1054          0          0          0          0        216   _printf_fp_dec.o
       128         16          0          0          0         84   _printf_fp_infnan.o
         0          0          0          0          0          0   _printf_percent.o
         4          0          0          0          0          0   _printf_percent_end.o
        22          0          0          0          0        100   _rserrno.o
        64          0          0          0          0         84   _sgetc.o
        10          0          0          0          0         68   _sputc.o
       228          4        148          0          0         96   bigflt0.o
      2152        136          0          0          0        960   btod.o
        18          0          0          0          0         80   exit.o
         6          0          0          0          0        152   heapauxi.o
        18          0          0          0          0         76   isspace.o
        44         10        272          0          0         76   lc_ctype_c.o
        44         10         28          0          0         76   lc_numeric_c.o
         2          0          0          0          0          0   libinit.o
        34          0          0          0          0          0   libinit2.o
         2          0          0          0          0          0   libshutdown.o
         2          0          0          0          0          0   libshutdown2.o
         8          4          0          0         96         68   libspace.o
        38          0          0          0          0         68   llshl.o
       138          0          0          0          0         80   lludiv10.o
       238          0          0          0          0        100   lludivv7m.o
        40          6          0          0          0         84   noretval__2sprintf.o
        16          4          0          0          0         76   rt_ctype_table.o
         8          4          0          0          0         68   rt_errno_addr_intlibspace.o
         8          4          0          0          0         68   rt_locale_intlibspace.o
        68          0          0          0          0         68   rt_memclr.o
        78          0          0          0          0         80   rt_memclr_w.o
         2          0          0          0          0          0   rtexit.o
        10          0          0          0          0          0   rtexit2.o
      1272         16          0          0          0        168   scanf_fp.o
       800         14          0          0          0        100   scanf_hexfp.o
       308         16          0          0          0        100   scanf_infnan.o
       128          0          0          0          0         68   strcmpv7m.o
       164         14          0          0          0        120   strtod.o
        74          0          0          0          0         80   sys_stackheap_outer.o
         2          0          0          0          0         68   use_no_semi.o
         2          0          0          0          0         68   use_no_semi_2.o
        98          4          0          0          0        140   d2f.o
        16          4          0          0          0        116   dcheck1.o
        24          0          0          0          0        116   dcmpi.o
       120          4          0          0          0        140   deqf.o
       120          4          0          0          0        140   dleqf.o
       340         12          0          0          0        152   dmul.o
       156          4          0          0          0        140   dnaninf.o
        12          0          0          0          0        116   dretinf.o
       108          0          0          0          0        128   drleqf.o
        86          4          0          0          0        132   f2d.o
       140          4          0          0          0        132   fnaninf.o
         0          0         16          0          0          0   fpconst.o
        10          0          0          0          0        116   fpinit.o
        10          0          0          0          0        116   fretinf.o
         6          0          0          0          0        116   istatus.o
         4          0          0          0          0        116   printf1.o
       100          0          0          0          0        116   retnan.o
        92          0          0          0          0        116   scalbn.o
         4          0          0          0          0        116   scanf1.o
         8          0          0          0          0        132   scanf2.o
        48          0          0          0          0        116   trapv.o
         0          0          0          0          0          0   usenofp.o
        56         12          0          0          0        132   atof.o
        64         16          0          0          0        248   dunder.o
        48          0          0          0          0        124   fpclassify.o
       140         22          0          0          0        132   frexp.o
       228          8          0          0          0        308   ldexp.o
       266         16          0          0          0        308   narrow.o

    ----------------------------------------------------------------------
     10048        388        464          0         96       7752   Library Totals
        12          2          0          0          0          0   (incl. Padding)

    ----------------------------------------------------------------------

      Code (inc. data)   RO Data    RW Data    ZI Data      Debug   Library Name

      7732        272        448          0         96       3988   c_w.l
      1502         40         16          0          0       2512   fz_wm.l
       802         74          0          0          0       1252   m_wm.l

    ----------------------------------------------------------------------
     10048        388        464          0         96       7752   Library Totals

    ----------------------------------------------------------------------

==============================================================================


      Code (inc. data)   RO Data    RW Data    ZI Data      Debug   

     25840       1446       3696        180       7524    1992968   Grand Totals
     25840       1446       3696        180       7524    1992968   ELF Image Totals
     25840       1446       3696        180          0          0   ROM Totals

==============================================================================

    Total RO  Size (Code + RO Data)                29536 (  28.84kB)
    Total RW  Size (RW Data + ZI Data)              7704 (   7.52kB)
    Total ROM Size (Code + RO Data + RW Data)      29716 (  29.02kB)

==============================================================================

